lines=491 outline=12 anchors=141
=== OUTLINE ===
  L0 h1 "🍔 McBeta UAT Plan"
  L12 h1 "Log-ins"
  L22 h1 "UI Test Database"
  L34 h2 "The Process"
  L46 h3 "Executive Summary"
  L63 h2 "Forecasting domain underperformance is not representative of MC Beta "
  L64 h2 "performance"
  L97 h3 "Solutions"
  L180 h2 "ERCOT DART PROF UNIVARIATE DAYZER — 2026-05-15 Forecast "
  L181 h2 "Comparison"
  L184 h3 "What's available in the agentic context"
  L214 h3 "What I can't provide"
=== LINES ===
[000] indent=0 block=360dbe27 H1
      "🍔 "
      "McBeta UAT Plan" {b fg=#337ea9}
[001] indent=0 block=360dbe27
      "========================================================================" {fg=#337ea9}
[002] indent=0 block=-
[003] indent=0 block=360dbe27
      "Document Type: " {b fg=#9b9a97}
      "Test"
[004] indent=0 block=360dbe27
      "Status: " {b fg=#9b9a97}
      "In progress"
[005] indent=0 block=360dbe27
      "────────────────────────────────────────────────────────────────────────" {fg=#9b9a97}
[006] indent=0 block=-
[007] indent=0 block=360dbe27
      "╭──────────────────────────────────────────────────────────────────────╮" {fg=#9b9a97 bg=#ebeced}
[008] indent=0 block=360dbe27
      "│ " {fg=#9b9a97 bg=#ebeced}
      "💡 " {bg=#ebeced}
      "Welcome to the Testing Page for the McBeta June 1st Launch! " {b bg=#ebeced}
      "     " {bg=#ebeced}
      " │" {fg=#9b9a97 bg=#ebeced}
[009] indent=0 block=360dbe27
      "╰──────────────────────────────────────────────────────────────────────╯" {fg=#9b9a97 bg=#ebeced}
[010] indent=2 block=360dbe27
      "Table of Contents"
[011] indent=0 block=-
[012] indent=0 block=360dbe27 H1
      "Log-ins" {b fg=#337ea9}
[013] indent=0 block=360dbe27
      "========================================================================" {fg=#337ea9}
[014] indent=4 block=366dbe27
      "◦ "
      "We will ask some people to login and test with their EQ Logins"
[015] indent=6 block=366dbe27
      "▪ "
      "Website = "
      "https://portal.mtprod01.eeek.io/login/" {href=https://portal.mtprod01.eeek.io/login/}
[016] indent=6 block=366dbe27
      "▪ "
      "Use your EQ login"
[017] indent=4 block=366dbe27
      "◦ "
      "We will ask others to login using a test account"
[018] indent=4 block=366dbe27
      "◦ "
      "Slack message from Matthew E on how to test locally - "
[019] indent=4 block=366dbe27
      "  "
      "https://equilibriumenergy.slack.com/archives/C03590XQ8GL/p17792352" {href=https://equilibriumenergy.slack.com/archives/C03590XQ8GL/p1779235277928819}
[020] indent=4 block=366dbe27
      "  "
      "77928819" {href=https://equilibriumenergy.slack.com/archives/C03590XQ8GL/p1779235277928819}
[021] indent=0 block=-
[022] indent=0 block=360dbe27 H1
      "UI Test Database" {b fg=#337ea9}
[023] indent=0 block=360dbe27
      "========================================================================" {fg=#337ea9}
[024] indent=4 block=360dbe27
      "🗂 "
      "McBeta Test Database" {u fg=#337ea9}
[025] indent=0 block=-
[026] indent=2 block=36ddbe27
      "──────────────────────────────────────────────────────────────────────" {fg=#9b9a97}
[027] indent=0 block=-
[028] indent=2 block=36bdbe27
      "Seeking EQ AI Chat Go-Live approval for MC Beta" {i}
[029] indent=0 block=-
[030] indent=2 block=36bdbe27
      "May 27th, 2026"
[031] indent=0 block=-
[032] indent=2 block=36bdbe27
      "──────────────────────────────────────────────────────────────────────" {fg=#9b9a97}
[033] indent=0 block=-
[034] indent=2 block=36bdbe27 H2
      "The Process" {b fg=#448361}
[035] indent=2 block=36bdbe27
      "~~~~~~~~~~~~~~~~~~~~~~~~~~~~~~~~~~~~~~~~~~~~~~~~~~~~~~~~~~~~~~~~~~~~~~" {fg=#448361}
[036] indent=0 block=-
[037] indent=4 block=36bdbe27
      "• "
      "Split Q&A dataset into 3 core domains: forecasting, trading, "
[038] indent=4 block=36bdbe27
      "  "
      "analytics"
[039] indent=4 block=36ddbe27
      "• "
      "Ran experimental Q&A dataset through EQ AI to simulate user "
[040] indent=4 block=36ddbe27
      "  "
      "behavior"
[041] indent=0 block=-
[042] indent=8 block=36bdbe27
      "[image]" {i fg=#9b9a97}
[043] indent=0 block=-
[044] indent=8 block=36bdbe27
      "[image]" {i fg=#9b9a97}
[045] indent=0 block=-
[046] indent=4 block=36bdbe27 H3
      "Executive Summary" {b fg=#d9730d}
[047] indent=4 block=36bdbe27
      "--------------------------------------------------------------------" {fg=#d9730d}
[048] indent=0 block=-
[049] indent=6 block=36bdbe27
      "[image]" {i fg=#9b9a97}
[050] indent=0 block=-
[051] indent=6 block=36bdbe27
      "┌────────────┬────┬───────────┬───────┬──────────┬───────────────┐" {fg=#9b9a97}
[052] indent=6 block=36bdbe27
      "│ " {fg=#9b9a97}
      "Domain" {b}
      "    "
      " │ " {fg=#9b9a97}
      "n" {b}
      " "
      " │ " {fg=#9b9a97}
      "Reject " {b}
      "  "
      " │ " {fg=#9b9a97}
      "OK " {b}
      "  "
      " │ " {fg=#9b9a97}
      "Great " {b}
      "  "
      " │ " {fg=#9b9a97}
      "Avg score" {b}
      "    "
      " │ " {fg=#9b9a97}
[053] indent=6 block=36bdbe27
      "│ " {fg=#9b9a97}
      "          "
      " │ " {fg=#9b9a97}
      "  "
      " │ " {fg=#9b9a97}
      "(1)" {b}
      "      "
      " │ " {fg=#9b9a97}
      "(2)" {b}
      "  "
      " │ " {fg=#9b9a97}
      "(3)" {b}
      "     "
      " │ " {fg=#9b9a97}
      "             "
      " │ " {fg=#9b9a97}
[054] indent=6 block=36bdbe27
      "├────────────┼────┼───────────┼───────┼──────────┼───────────────┤" {fg=#9b9a97}
[055] indent=6 block=36bdbe27
      "│ " {fg=#9b9a97}
      "Forecastin"
      " │ " {fg=#9b9a97}
      "72"
      " │ " {fg=#9b9a97}
      "65%"
      "      "
      " │ " {fg=#9b9a97}
      "19%"
      "  "
      " │ " {fg=#9b9a97}
      "15%"
      "     "
      " │ " {fg=#9b9a97}
      "1.50"
      "         "
      " │ " {fg=#9b9a97}
[056] indent=6 block=36bdbe27
      "│ " {fg=#9b9a97}
      "g"
      "         "
      " │ " {fg=#9b9a97}
      "  "
      " │ " {fg=#9b9a97}
      "         "
      " │ " {fg=#9b9a97}
      "     "
      " │ " {fg=#9b9a97}
      "        "
      " │ " {fg=#9b9a97}
      "             "
      " │ " {fg=#9b9a97}
[057] indent=6 block=36bdbe27
      "│ " {fg=#9b9a97}
      "Trading"
      "   "
      " │ " {fg=#9b9a97}
      "50"
      " │ " {fg=#9b9a97}
      "36%"
      "      "
      " │ " {fg=#9b9a97}
      "46%"
      "  "
      " │ " {fg=#9b9a97}
      "16%"
      "     "
      " │ " {fg=#9b9a97}
      "1.79"
      "         "
      " │ " {fg=#9b9a97}
[058] indent=6 block=36bdbe27
      "│ " {fg=#9b9a97}
      "Analytics"
      " "
      " │ " {fg=#9b9a97}
      "17"
      " │ " {fg=#9b9a97}
      "35%"
      "      "
      " │ " {fg=#9b9a97}
      "35%"
      "  "
      " │ " {fg=#9b9a97}
      "29%"
      "     "
      " │ " {fg=#9b9a97}
      "1.94"
      "         "
      " │ " {fg=#9b9a97}
[059] indent=6 block=36bdbe27
      "│ " {fg=#9b9a97}
      "Total" {b}
      "     "
      " │ " {fg=#9b9a97}
      "13" {b}
      " │ " {fg=#9b9a97}
      "51%" {b}
      "      "
      " │ " {fg=#9b9a97}
      "31%" {b}
      "  "
      " │ " {fg=#9b9a97}
      "17%" {b}
      "     "
      " │ " {fg=#9b9a97}
      "1.66" {b}
      "         "
      " │ " {fg=#9b9a97}
[060] indent=6 block=36bdbe27
      "│ " {fg=#9b9a97}
      "          "
      " │ " {fg=#9b9a97}
      "9" {b}
      " "
      " │ " {fg=#9b9a97}
      "         "
      " │ " {fg=#9b9a97}
      "     "
      " │ " {fg=#9b9a97}
      "        "
      " │ " {fg=#9b9a97}
      "             "
      " │ " {fg=#9b9a97}
[061] indent=6 block=36bdbe27
      "└────────────┴────┴───────────┴───────┴──────────┴───────────────┘" {fg=#9b9a97}
[062] indent=0 block=-
[063] indent=2 block=36ddbe27 H2
      "Forecasting domain underperformance is not representative of MC Beta " {b fg=#448361}
[064] indent=2 block=36ddbe27 H2
      "performance" {b fg=#448361}
[065] indent=2 block=36ddbe27
      "~~~~~~~~~~~~~~~~~~~~~~~~~~~~~~~~~~~~~~~~~~~~~~~~~~~~~~~~~~~~~~~~~~~~~~" {fg=#448361}
[066] indent=0 block=-
[067] indent=4 block=36ddbe27
      "1. "
      "Forecasting questions rely on information contained in the " {b}
[068] indent=4 block=36ddbe27
      "   "
      "context layer" {b}
      " (cross-validation runs, forecast model methodology "
[069] indent=4 block=36ddbe27
      "   "
      "documents), which is not deployed in the MT environment, and has "
[070] indent=4 block=36ddbe27
      "   "
      "not been invested in."
[071] indent=0 block=-
[072] indent=4 block=36ddbe27
      "▾ "
      "Example" {b}
[073] indent=6 block=36ddbe27
      "Question:" {b}
      " \"For ERCOT__DART__PROF__UNIVARIATE__DAYZER config "
[074] indent=6 block=36ddbe27
      "version 1.2, explain at a high level what PROF does and which "
[075] indent=6 block=36ddbe27
      "inputs it uses.”"
[076] indent=0 block=-
[077] indent=6 block=36ddbe27
      "Context needed:" {b}
      " documents like "
      "PROF: Probabilistic Regime " {href=https://app.notion.com/p/196dbe27599280fe821aef46de0dd9fb}
[078] indent=6 block=36ddbe27
      "Overlayed Forecasting " {href=https://app.notion.com/p/196dbe27599280fe821aef46de0dd9fb}
      " "
[079] indent=0 block=-
[080] indent=4 block=36cdbe27
      "[image]" {i fg=#9b9a97}
[081] indent=0 block=-
[082] indent=4 block=36ddbe27
      "1. "
      "Flawed experiment design" {b}
      " - questions in the dataset asked about "
[083] indent=4 block=36ddbe27
      "   "
      "models and information that MC Beta users would not be privy to"
[084] indent=6 block=36ddbe27
      "1. "
      "These questions were closer to how we would expect an internal "
[085] indent=6 block=36ddbe27
      "   "
      "scientist to use the chat. In that context, it did not perform "
[086] indent=6 block=36ddbe27
      "   "
      "well. "
[087] indent=0 block=-
[088] indent=4 block=36ddbe27
      "▾ "
      "Examples" {b}
[089] indent=6 block=36ddbe27
      "\"For ERCOT__DART__PROF__SMOOTH_UNIVARIATE__DAYZER config version "
[090] indent=6 block=36ddbe27
      "1.0, list the Dayzer fundamentals and other input models used for "
[091] indent=6 block=36ddbe27
      "operating day 2026-05-15.”"
[092] indent=0 block=-
[093] indent=6 block=36ddbe27
      "\"For ERCOT__RTMEC__PROF__UNIVARIATE__DAYZER config version 3.1, "
[094] indent=6 block=36ddbe27
      "summarize analyses completed between 2026-05-01 and 2026-05-15 and"
[095] indent=6 block=36ddbe27
      "identify the most promising version by validation MAE.”"
[096] indent=0 block=-
[097] indent=4 block=36ddbe27 H3
      "Solutions" {b fg=#d9730d}
[098] indent=4 block=36ddbe27
      "--------------------------------------------------------------------" {fg=#d9730d}
[099] indent=0 block=-
[100] indent=6 block=36bdbe27
      "[image]" {i fg=#9b9a97}
[101] indent=0 block=-
[102] indent=6 block=36bdbe27
      "[unsupported block]" {i fg=#9b9a97}
[103] indent=8 block=36bdbe27
      "Forecasting"
[104] indent=10 block=36bdbe27
      "┌─────────────┬────┬────────────┬─────────┬───────────┬──────┐" {fg=#9b9a97}
[105] indent=10 block=36bdbe27
      "│ " {fg=#9b9a97}
      "Domain" {b}
      "     "
      " │ " {fg=#9b9a97}
      "n" {b}
      " "
      " │ " {fg=#9b9a97}
      "Reject (1)" {b}
      " │ " {fg=#9b9a97}
      "Ok (2) " {b}
      " │ " {fg=#9b9a97}
      "Great (3)" {b}
      " │ " {fg=#9b9a97}
      "Avg" {b}
      " "
      " │ " {fg=#9b9a97}
[106] indent=10 block=36bdbe27
      "│ " {fg=#9b9a97}
      "Forecasting"
      " │ " {fg=#9b9a97}
      "72"
      " │ " {fg=#9b9a97}
      "65%"
      "       "
      " │ " {fg=#9b9a97}
      "19%"
      "    "
      " │ " {fg=#9b9a97}
      "15%"
      "      "
      " │ " {fg=#9b9a97}
      "1.50"
      " │ " {fg=#9b9a97}
[107] indent=10 block=36bdbe27
      "└─────────────┴────┴────────────┴─────────┴───────────┴──────┘" {fg=#9b9a97}
[108] indent=0 block=-
[109] indent=10 block=36bdbe27
      "What went well" {b}
[110] indent=0 block=-
[111] indent=10 block=36bdbe27
      "▪ "
      "When asked about cval data in dev, it answers the question "
[112] indent=10 block=36bdbe27
      "  "
      "completely and correctly"
[113] indent=10 block=36bdbe27
      "▪ "
      "Catches malformed questions (i.e. when the user asks about a"
[114] indent=10 block=36bdbe27
      "  "
      "“solar price forecast”, it flags that there is no such "
[115] indent=10 block=36bdbe27
      "  "
      "thing)"
[116] indent=0 block=-
[117] indent=10 block=36bdbe27
      "What needs fixing" {b}
[118] indent=0 block=-
[119] indent=10 block=36bdbe27
      "▪ "
      "Answer search is limited to "
      "dev" {code}
      " env, cannot answer questions"
[120] indent=10 block=36bdbe27
      "  "
      "about "
      "prod" {code}
      " runs"
[121] indent=10 block=36cdbe27
      "▪ "
      "Deploy the vector store (forecast model and run context)"
[122] indent=10 block=36cdbe27
      "▪ "
      "Investment in the context layer"
[123] indent=0 block=-
[124] indent=10 block=36bdbe27
      "Examples" {b}
[125] indent=0 block=-
[126] indent=10 block=36cdbe27
      "▾ "
      "Good"
[127] indent=12 block=36cdbe27
      "Question:" {b}
[128] indent=0 block=-
[129] indent=12 block=36cdbe27
      "\"What ERCOT__DART__PROF__UNIVARIATE__DAYZER model version is"
[130] indent=12 block=36cdbe27
      "active for ERCOT hub forecasts on 2026-05-15?”"
[131] indent=0 block=-
[132] indent=12 block=36cdbe27
      "Response:" {b}
[133] indent=0 block=-
[134] indent=12 block=36cdbe27
      "Here's what ran on 2026-05-15 for " {i}
[135] indent=12 block=36cdbe27
      "ERCOT__DART__PROF__UNIVARIATE__DAYZER" {i code}
      ":" {i}
[136] indent=0 block=-
[137] indent=12 block=36cdbe27
      "There were " {i}
      "two concurrent inference runs" {b i}
      " that day, one per " {i}
[138] indent=12 block=36cdbe27
      "active config version:" {i}
[139] indent=0 block=-
[140] indent=12 block=36cdbe27
      "┌────────┬──────────┬──────────┬──────────────┬────────────┐" {fg=#9b9a97}
[141] indent=12 block=36cdbe27
      "│ " {fg=#9b9a97}
      "Config" {b}
      " │ " {fg=#9b9a97}
      "MLflow " {b}
      " "
      " │ " {fg=#9b9a97}
      "Run " {b}
      "    "
      " │ " {fg=#9b9a97}
      "Deployment " {b}
      " "
      " │ " {fg=#9b9a97}
      "Coverage" {b}
      "  "
      " │ " {fg=#9b9a97}
[142] indent=12 block=36cdbe27
      "│ " {fg=#9b9a97}
      "Versio" {b}
      " │ " {fg=#9b9a97}
      "Model " {b}
      "  "
      " │ " {fg=#9b9a97}
      "Start " {b}
      "  "
      " │ " {fg=#9b9a97}
      "Name" {b}
      "        "
      " │ " {fg=#9b9a97}
      "          "
      " │ " {fg=#9b9a97}
[143] indent=12 block=36cdbe27
      "│ " {fg=#9b9a97}
      "n" {b}
      "     "
      " │ " {fg=#9b9a97}
      "Version" {b}
      " "
      " │ " {fg=#9b9a97}
      "(UTC)" {b}
      "   "
      " │ " {fg=#9b9a97}
      "            "
      " │ " {fg=#9b9a97}
      "          "
      " │ " {fg=#9b9a97}
[144] indent=12 block=36cdbe27
      "├────────┼──────────┼──────────┼──────────────┼────────────┤" {fg=#9b9a97}
[145] indent=12 block=36cdbe27
      "│ " {fg=#9b9a97}
      "v1.4" {b}
      "  "
      " │ " {fg=#9b9a97}
      "152" {b}
      "     "
      " │ " {fg=#9b9a97}
      "2026-05-"
      " │ " {fg=#9b9a97}
      "erc_dart_prf" {code}
      " │ " {fg=#9b9a97}
      "1,102 "
      "    "
      " │ " {fg=#9b9a97}
[146] indent=12 block=36cdbe27
      "│ " {fg=#9b9a97}
      "      "
      " │ " {fg=#9b9a97}
      "        "
      " │ " {fg=#9b9a97}
      "15 "
      "     "
      " │ " {fg=#9b9a97}
      "_dz_da2p1_rt" {code}
      " │ " {fg=#9b9a97}
      "ERCOT "
      "    "
      " │ " {fg=#9b9a97}
[147] indent=12 block=36cdbe27
      "│ " {fg=#9b9a97}
      "      "
      " │ " {fg=#9b9a97}
      "        "
      " │ " {fg=#9b9a97}
      "12:31:45"
      " │ " {fg=#9b9a97}
      "3" {code}
      "           "
      " │ " {fg=#9b9a97}
      "nodes"
      "     "
      " │ " {fg=#9b9a97}
[148] indent=12 block=36cdbe27
      "│ " {fg=#9b9a97}
      "v1.2"
      "  "
      " │ " {fg=#9b9a97}
      "217"
      "     "
      " │ " {fg=#9b9a97}
      "2026-05-"
      " │ " {fg=#9b9a97}
      "erc_dart_pro" {code}
      " │ " {fg=#9b9a97}
      "61 ERCOT "
      " "
      " │ " {fg=#9b9a97}
[149] indent=12 block=36cdbe27
      "│ " {fg=#9b9a97}
      "      "
      " │ " {fg=#9b9a97}
      "        "
      " │ " {fg=#9b9a97}
      "15 "
      "     "
      " │ " {fg=#9b9a97}
      "f_dzr_da2p1_" {code}
      " │ " {fg=#9b9a97}
      "nodes"
      "     "
      " │ " {fg=#9b9a97}
[150] indent=12 block=36cdbe27
      "│ " {fg=#9b9a97}
      "      "
      " │ " {fg=#9b9a97}
      "        "
      " │ " {fg=#9b9a97}
      "12:31:23"
      " │ " {fg=#9b9a97}
      "rt4p0" {code}
      "       "
      " │ " {fg=#9b9a97}
      "          "
      " │ " {fg=#9b9a97}
[151] indent=12 block=36cdbe27
      "└────────┴──────────┴──────────┴──────────────┴────────────┘" {fg=#9b9a97}
[152] indent=0 block=-
[153] indent=12 block=36cdbe27
      "Both ran successfully (100% success rate, zero failures)."
[154] indent=0 block=-
[155] indent=12 block=36cdbe27
      "For ERCOT hub forecasts specifically" {b}
      ", v1.4 / MLflow model "
[156] indent=12 block=36cdbe27
      "version "
      "152" {b}
      " is the one to focus on — it's the broader "
[157] indent=12 block=36cdbe27
      "deployment covering 1,102 nodes (DALMP v2.1 – RTLMP v3.0), "
[158] indent=12 block=36cdbe27
      "while v1.2 is a narrower 61-node deployment running the "
[159] indent=12 block=36cdbe27
      "older RTLMP v4.0 spec."
[160] indent=0 block=-
[161] indent=12 block=36cdbe27
      "Let me know if you want to dig into the run details, "
[162] indent=12 block=36cdbe27
      "forecaster stats, or compare against a different operating "
[163] indent=12 block=36cdbe27
      "day."
[164] indent=0 block=-
[165] indent=10 block=36cdbe27
      "▾ "
      "Bad"
[166] indent=12 block=36cdbe27
      "Question:" {b}
[167] indent=0 block=-
[168] indent=12 block=36cdbe27
      "\"Compare EQ's ERCOT__DART__PROF__UNIVARIATE__DAYZER hub "
[169] indent=12 block=36cdbe27
      "forecast to ERCOT's published forecast and one external "
[170] indent=12 block=36cdbe27
      "vendor forecast for 2026-05-15.”"
[171] indent=0 block=-
[172] indent=12 block=36cdbe27
      "Response:" {b}
[173] indent=0 block=-
[174] indent=12 block=36cdbe27
      "I've done a thorough search across the agentic context. "
[175] indent=12 block=36cdbe27
      "Here's an honest assessment of what I found and what I can't"
[176] indent=12 block=36cdbe27
      "provide:"
[177] indent=0 block=-
[178] indent=12 block=36cdbe27
      "────────────────────────────────────────────────────────────" {fg=#9b9a97}
[179] indent=0 block=-
[180] indent=14 block=36cdbe27 H2
      "ERCOT DART PROF UNIVARIATE DAYZER — 2026-05-15 Forecast " {b fg=#448361}
[181] indent=14 block=36cdbe27 H2
      "Comparison" {b fg=#448361}
[182] indent=14 block=36cdbe27
      "~~~~~~~~~~~~~~~~~~~~~~~~~~~~~~~~~~~~~~~~~~~~~~~~~~~~~~~~~~" {fg=#448361}
[183] indent=0 block=-
[184] indent=16 block=36cdbe27 H3
      "What's available in the agentic context" {b fg=#d9730d}
[185] indent=16 block=36cdbe27
      "--------------------------------------------------------" {fg=#d9730d}
[186] indent=0 block=-
[187] indent=18 block=36cdbe27
      "EQ DAYZER inference run — confirmed and healthy" {b}
[188] indent=0 block=-
[189] indent=18 block=36cdbe27
      "The inference run for 2026-05-15 completed "
[190] indent=18 block=36cdbe27
      "successfully:"
[191] indent=0 block=-
[192] indent=18 block=36cdbe27
      "┌──────────────────┬─────────────────────────────────┐" {fg=#9b9a97}
[193] indent=18 block=36cdbe27
      "│ " {fg=#9b9a97}
      "Attribute" {b}
      "       "
      " │ " {fg=#9b9a97}
      "Value" {b}
      "                          "
      " │ " {fg=#9b9a97}
[194] indent=18 block=36cdbe27
      "├──────────────────┼─────────────────────────────────┤" {fg=#9b9a97}
[195] indent=18 block=36cdbe27
      "│ " {fg=#9b9a97}
      "Model"
      "           "
      " │ " {fg=#9b9a97}
      "ERCOT__DART__PROF__UNIVARIATE__" {code}
      " │ " {fg=#9b9a97}
[196] indent=18 block=36cdbe27
      "│ " {fg=#9b9a97}
      "                "
      " │ " {fg=#9b9a97}
      "DAYZER" {code}
      "                         "
      " │ " {fg=#9b9a97}
[197] indent=18 block=36cdbe27
      "│ " {fg=#9b9a97}
      "Config version"
      "  "
      " │ " {fg=#9b9a97}
      "1.2"
      "                            "
      " │ " {fg=#9b9a97}
[198] indent=18 block=36cdbe27
      "│ " {fg=#9b9a97}
      "MLflow model "
      "   "
      " │ " {fg=#9b9a97}
      "218"
      "                            "
      " │ " {fg=#9b9a97}
[199] indent=18 block=36cdbe27
      "│ " {fg=#9b9a97}
      "version"
      "         "
      " │ " {fg=#9b9a97}
      "                               "
      " │ " {fg=#9b9a97}
[200] indent=18 block=36cdbe27
      "│ " {fg=#9b9a97}
      "Run start"
      "       "
      " │ " {fg=#9b9a97}
      "2026-05-15 12:31:47 UTC"
      "        "
      " │ " {fg=#9b9a97}
[201] indent=18 block=36cdbe27
      "│ " {fg=#9b9a97}
      "Forecast type"
      "   "
      " │ " {fg=#9b9a97}
      "Quantile (probabilistic)"
      "       "
      " │ " {fg=#9b9a97}
[202] indent=18 block=36cdbe27
      "│ " {fg=#9b9a97}
      "Nodes covered"
      "   "
      " │ " {fg=#9b9a97}
      "61 ERCOT nodes"
      "                 "
      " │ " {fg=#9b9a97}
[203] indent=18 block=36cdbe27
      "│ " {fg=#9b9a97}
      "Success rate"
      "    "
      " │ " {fg=#9b9a97}
      "100% (0 failures)"
      "              "
      " │ " {fg=#9b9a97}
[204] indent=18 block=36cdbe27
      "│ " {fg=#9b9a97}
      "Deployment"
      "      "
      " │ " {fg=#9b9a97}
      "erc_dart_prf_dz_da2p1_rt4" {code}
      "      "
      " │ " {fg=#9b9a97}
[205] indent=18 block=36cdbe27
      "│ " {fg=#9b9a97}
      "Metaflow run"
      "    "
      " │ " {fg=#9b9a97}
      "View in Metaflow UI" {href=https://metaflow.eqdev01.eeek.io/InfrS/argo-fcstercdartprfdzda2p1rt4v12p.prod.dev.infrs-7dzvs}
      "            "
      " │ " {fg=#9b9a97}
[206] indent=18 block=36cdbe27
      "└──────────────────┴─────────────────────────────────┘" {fg=#9b9a97}
[207] indent=0 block=-
[208] indent=18 block=36cdbe27
      "The model covers both DA LMP (v2.1) and RT LMP (v4.0) "
[209] indent=18 block=36cdbe27
      "for 61 ERCOT nodes using PROF-Dayzer with Featurestore"
[210] indent=18 block=36cdbe27
      "features."
[211] indent=0 block=-
[212] indent=18 block=36cdbe27
      "──────────────────────────────────────────────────────" {fg=#9b9a97}
[213] indent=0 block=-
[214] indent=16 block=36cdbe27 H3
      "What I can't provide" {b fg=#d9730d}
[215] indent=16 block=36cdbe27
      "--------------------------------------------------------" {fg=#d9730d}
[216] indent=0 block=-
[217] indent=18 block=36cdbe27
      "The three-way hourly comparison you're asking for — "
      "EQ" {b}
[218] indent=18 block=36cdbe27
      "DAYZER vs. ERCOT published forecast vs. external " {b}
[219] indent=18 block=36cdbe27
      "vendor" {b}
      " — isn't available in the agentic context for "
[220] indent=18 block=36cdbe27
      "2026-05-15. Specifically:"
[221] indent=0 block=-
[222] indent=18 block=36cdbe27
      "• "
      "Hourly forecast values" {b}
      " from the DAYZER run are not "
[223] indent=18 block=36cdbe27
      "  "
      "surfaced in the context layer (the run metadata "
[224] indent=18 block=36cdbe27
      "  "
      "confirms it completed, but the output price curves "
[225] indent=18 block=36cdbe27
      "  "
      "aren't stored here)."
[226] indent=18 block=36cdbe27
      "• "
      "ERCOT's published DA LMP forecast" {b}
      " (e.g., from the "
[227] indent=18 block=36cdbe27
      "  "
      "ERCOT DAM or their public forecast products) doesn't"
[228] indent=18 block=36cdbe27
      "  "
      "have a corresponding EQRN in the context."
[229] indent=18 block=36cdbe27
      "• "
      "External vendor forecasts" {b}
      " — no vendor forecast EQRNs"
[230] indent=18 block=36cdbe27
      "  "
      "(e.g., Wood Mackenzie, Ascend, or similar) are "
[231] indent=18 block=36cdbe27
      "  "
      "registered in the context for this date."
[232] indent=0 block=-
[233] indent=18 block=36cdbe27
      "To do this comparison, you'd need to pull the DAYZER "
[234] indent=18 block=36cdbe27
      "output directly from S3 (the deployment writes to the "
[235] indent=18 block=36cdbe27
      "standard forecast bucket), layer in ERCOT's published "
[236] indent=18 block=36cdbe27
      "DA clearing prices or their pre-market forecast, and "
[237] indent=18 block=36cdbe27
      "add the vendor feed. If you can point me to where the "
[238] indent=18 block=36cdbe27
      "vendor data lives or share the hub you want to focus "
[239] indent=18 block=36cdbe27
      "on (HB_NORTH, HB_WEST, HB_SOUTH, HB_HOUSTON), I can "
[240] indent=18 block=36cdbe27
      "help structure the analysis once the data is "
[241] indent=18 block=36cdbe27
      "accessible."
[242] indent=0 block=-
[243] indent=8 block=36bdbe27
      "Trading"
[244] indent=10 block=36bdbe27
      "┌─────────┬────┬────────────┬────────┬───────────┬──────┐" {fg=#9b9a97}
[245] indent=10 block=36bdbe27
      "│ " {fg=#9b9a97}
      "Domain" {b}
      " "
      " │ " {fg=#9b9a97}
      "n" {b}
      " "
      " │ " {fg=#9b9a97}
      "Reject (1)" {b}
      " │ " {fg=#9b9a97}
      "Ok (2)" {b}
      " │ " {fg=#9b9a97}
      "Great (3)" {b}
      " │ " {fg=#9b9a97}
      "Avg" {b}
      " "
      " │ " {fg=#9b9a97}
[246] indent=10 block=36bdbe27
      "│ " {fg=#9b9a97}
      "Trading"
      " │ " {fg=#9b9a97}
      "25"
      " │ " {fg=#9b9a97}
      "36%"
      "       "
      " │ " {fg=#9b9a97}
      "46%"
      "   "
      " │ " {fg=#9b9a97}
      "16%"
      "      "
      " │ " {fg=#9b9a97}
      "1.79"
      " │ " {fg=#9b9a97}
[247] indent=10 block=36bdbe27
      "└─────────┴────┴────────────┴────────┴───────────┴──────┘" {fg=#9b9a97}
[248] indent=0 block=-
[249] indent=10 block=36bdbe27
      "What went well" {b}
[250] indent=0 block=-
[251] indent=10 block=36bdbe27
      "▪ "
      "The agent has the domain knowledge to deliver causal chain "
[252] indent=10 block=36bdbe27
      "  "
      "answers"
[253] indent=12 block=36bdbe27
      "• "
      "\"Wind + solar oversupply → exceeds local load → " {i}
[254] indent=12 block=36bdbe27
      "  "
      "transmission constraints prevent export → DA prices go " {i}
[255] indent=12 block=36bdbe27
      "  "
      "negative to suppress generation.”" {i}
[256] indent=0 block=-
[257] indent=10 block=36bdbe27
      "What needs fixing" {b}
[258] indent=0 block=-
[259] indent=10 block=36bdbe27
      "▪ "
      "Lean more into analysis, rather than description"
[260] indent=12 block=36bdbe27
      "• "
      "\"The answer describes what happened, not what was at risk\"" {i}
[261] indent=12 block=36bdbe27
      "  "
[262] indent=0 block=-
[263] indent=10 block=36bdbe27
      "Examples" {b}
[264] indent=0 block=-
[265] indent=10 block=36bdbe27
      "▾ "
      "Good"
[266] indent=12 block=36bdbe27
      "Question:" {b}
      " "
[267] indent=0 block=-
[268] indent=12 block=36bdbe27
      "\"For ERCOT operating day 2026-05-15, why are LMPs forecast " {i}
[269] indent=12 block=36bdbe27
      "so low in DA at HB_WEST?\"" {i}
[270] indent=0 block=-
[271] indent=12 block=36bdbe27
      "Response: " {b}
[272] indent=0 block=-
[273] indent=12 block=36bdbe27
      "“The short answer: a classic West Texas renewable oversupply" {i}
[274] indent=12 block=36bdbe27
      "event. Strong southerly winds combined with robust solar " {i}
[275] indent=12 block=36bdbe27
      "irradiance during daylight hours pushed generation well " {i}
[276] indent=12 block=36bdbe27
      "above local load, creating significant negative-price hours " {i}
[277] indent=12 block=36bdbe27
      "in the DA market.\n[Followed by a DA vs. RT price table " {i}
[278] indent=12 block=36bdbe27
      "covering HE9–HE18 across HB_WEST, HB_NORTH, and HB_HOUSTON, " {i}
[279] indent=12 block=36bdbe27
      "then three drivers: wind, solar, transmission congestion]" {i}
[280] indent=0 block=-
[281] indent=12 block=36cdbe27
      "\nHB_WEST was negative or near-zero for 10 consecutive hours " {i}
[282] indent=12 block=36cdbe27
      "(HE9–HE18 CDT), while HB_NORTH and HB_HOUSTON were clearing " {i}
[283] indent=12 block=36cdbe27
      "$14–$38/MWh during the same window. That's a massive basis " {i}
[284] indent=12 block=36cdbe27
      "spread driven by local congestion.”" {i}
[285] indent=0 block=-
[286] indent=10 block=36bdbe27
      "▾ "
      "Bad"
[287] indent=12 block=36bdbe27
      "Question:" {b}
      " "
[288] indent=0 block=-
[289] indent=12 block=36bdbe27
      "\"For ERCOT operating day 2026-05-15, which Load Zone is " {i}
[290] indent=12 block=36bdbe27
      "forecasted to have the highest peak load, and which hours?\"" {i}
[291] indent=0 block=-
[292] indent=12 block=36bdbe27
      "Response:" {b}
[293] indent=0 block=-
[294] indent=12 block=36bdbe27
      "“The load profiles are charted above. NORTH_ERCOT's " {i}
[295] indent=12 block=36bdbe27
      "dominance is clear throughout the day, with the gap widening" {i}
[296] indent=12 block=36bdbe27
      "significantly from HE14 onward into the evening peak. Let me" {i}
[297] indent=12 block=36bdbe27
      "know if you want to cross-reference with RT actuals or DA " {i}
[298] indent=12 block=36bdbe27
      "prices for that zone.”" {i}
[299] indent=0 block=-
[300] indent=12 block=36cdbe27
      "Reviewer Comment:" {b}
[301] indent=0 block=-
[302] indent=12 block=36cdbe27
      "“No chart outputted. The answer never states which zone has " {i}
[303] indent=12 block=36cdbe27
      "the highest peak load or which hours. \"NORTH_ERCOT's " {i}
[304] indent=12 block=36cdbe27
      "dominance is clear throughout the day\" implies it's the " {i}
[305] indent=12 block=36cdbe27
      "answer, but the question asked for a specific zone and " {i}
[306] indent=12 block=36cdbe27
      "specific hours. neither is stated explicitly. A reader who " {i}
[307] indent=12 block=36cdbe27
      "needs this for a DA bid can't act on \"dominance is clear.””" {i}
[308] indent=0 block=-
[309] indent=8 block=36bdbe27
      "Analytics"
[310] indent=10 block=36bdbe27
      "┌───────────┬────┬────────────┬────────┬───────────┬──────┐" {fg=#9b9a97}
[311] indent=10 block=36bdbe27
      "│ " {fg=#9b9a97}
      "Domain" {b}
      "   "
      " │ " {fg=#9b9a97}
      "n" {b}
      " "
      " │ " {fg=#9b9a97}
      "Reject (1)" {b}
      " │ " {fg=#9b9a97}
      "Ok (2)" {b}
      " │ " {fg=#9b9a97}
      "Great (3)" {b}
      " │ " {fg=#9b9a97}
      "Avg" {b}
      " "
      " │ " {fg=#9b9a97}
[312] indent=10 block=36bdbe27
      "│ " {fg=#9b9a97}
      "Analytics"
      " │ " {fg=#9b9a97}
      "17"
      " │ " {fg=#9b9a97}
      "35%"
      "       "
      " │ " {fg=#9b9a97}
      "45%"
      "   "
      " │ " {fg=#9b9a97}
      "29%"
      "      "
      " │ " {fg=#9b9a97}
      "1.94"
      " │ " {fg=#9b9a97}
[313] indent=10 block=36bdbe27
      "└───────────┴────┴────────────┴────────┴───────────┴──────┘" {fg=#9b9a97}
[314] indent=0 block=-
[315] indent=10 block=36bdbe27
      "What went well" {b}
[316] indent=0 block=-
[317] indent=10 block=36bdbe27
      "▪ "
      "Performed well in broad summarization questions, and "
[318] indent=10 block=36bdbe27
      "  "
      "well-scoped objective questions"
[319] indent=0 block=-
[320] indent=10 block=36bdbe27
      "What needs fixing" {b}
[321] indent=0 block=-
[322] indent=10 block=36bdbe27
      "▪ "
      "Wrong DART sign convention - giving RT - DA"
[323] indent=10 block=36bdbe27
      "▪ "
      "Wrong metrics comparisons - comparing DA forecasts with RT "
[324] indent=10 block=36bdbe27
      "  "
      "actuals"
[325] indent=10 block=36bdbe27
      "▪ "
      "Data access - when asked about the existing like-days, the "
[326] indent=10 block=36bdbe27
      "  "
      "agent claimed it couldn’t compute"
[327] indent=0 block=-
[328] indent=10 block=36bdbe27
      "Examples" {b}
[329] indent=0 block=-
[330] indent=10 block=36bdbe27
      "▾ "
      "Good"
[331] indent=12 block=36bdbe27
      "Question:" {b}
[332] indent=0 block=-
[333] indent=12 block=36cdbe27
      "\"How did ERCOT real-time prices settle relative to DA " {i}
[334] indent=12 block=36cdbe27
      "forecasts by hub on 2026-05-15?”" {i}
[335] indent=0 block=-
[336] indent=12 block=36cdbe27
      "Response:" {b}
[337] indent=0 block=-
[338] indent=12 block=36cdbe27
      "Here's the DA vs. RT settlement picture for May 15." {i}
[339] indent=0 block=-
[340] indent=12 block=36cdbe27
      "Key themes:" {b i}
[341] indent=0 block=-
[342] indent=12 block=36cdbe27
      "West/Panhandle — RT ran well above DA overnight, then " {b i}
[343] indent=12 block=36cdbe27
      "flipped" {b i}
      "\nHB_WEST and HB_PAN were the most notable deviations. " {i}
[344] indent=12 block=36cdbe27
      "RT beat DA by $17–19/MWh in the overnight hours (HE1–HE8), " {i}
[345] indent=12 block=36cdbe27
      "likely reflecting lower-than-forecast wind output when DA " {i}
[346] indent=12 block=36cdbe27
      "priced in strong generation. Both hubs then flipped negative" {i}
[347] indent=12 block=36cdbe27
      "in the evening (HE19–HE20) before spiking again at " {i}
[348] indent=12 block=36cdbe27
      "HE22–HE24." {i}
[349] indent=0 block=-
[350] indent=12 block=36cdbe27
      "South — persistent RT discount through the afternoon" {b i}
      "\nHB_SOUTH" {i}
[351] indent=12 block=36cdbe27
      "was the weakest performer relative to DA. RT ran $10–15/MWh " {i}
[352] indent=12 block=36cdbe27
      "below DA from HE10 through HE16 — solar likely overperformed" {i}
[353] indent=12 block=36cdbe27
      "DA expectations, suppressing real-time prices. The daily " {i}
[354] indent=12 block=36cdbe27
      "average gap was -$5.48/MWh, the largest negative DART of any" {i}
[355] indent=12 block=36cdbe27
      "hub." {i}
[356] indent=0 block=-
[357] indent=12 block=36cdbe27
      "Houston — RT outperformed DA in the afternoon peak" {b i}
      "\nHB_HOUSTON" {i}
[358] indent=12 block=36cdbe27
      "was the only load-zone hub to finish the day with a positive" {i}
[359] indent=12 block=36cdbe27
      "DART (+$0.93/MWh). The afternoon ramp (HE15–HE18) saw RT " {i}
[360] indent=12 block=36cdbe27
      "exceed DA by up to $14.52/MWh, pointing to tighter supply " {i}
[361] indent=12 block=36cdbe27
      "conditions in the Houston pocket than the DA anticipated." {i}
[362] indent=0 block=-
[363] indent=12 block=36cdbe27
      "North — roughly flat on the day" {b i}
      "\nHB_NORTH tracked DA closely, " {i}
[364] indent=12 block=36cdbe27
      "with a modest -$0.87/MWh daily average. The afternoon hours " {i}
[365] indent=12 block=36cdbe27
      "showed mild RT premiums, but midday solar suppression offset" {i}
[366] indent=12 block=36cdbe27
      "those gains." {i}
[367] indent=0 block=-
[368] indent=12 block=36cdbe27
      "────────────────────────────────────────────────────────────" {fg=#9b9a97}
[369] indent=0 block=-
[370] indent=12 block=36cdbe27
      "Want me to break any of these hubs down to the node level, " {i}
[371] indent=12 block=36cdbe27
      "or pull the DART spread series directly for a specific path?" {i}
[372] indent=0 block=-
[373] indent=10 block=36bdbe27
      "▾ "
      "Bad"
[374] indent=12 block=36bdbe27
      "Question:" {b}
[375] indent=0 block=-
[376] indent=12 block=36cdbe27
      "\"For ERCOT operating day 2026-05-15, how did uncertainty " {i}
[377] indent=12 block=36cdbe27
      "penalization change DA bid decisions at HB_NORTH?”" {i}
[378] indent=0 block=-
[379] indent=12 block=36cdbe27
      "Response:" {b}
[380] indent=0 block=-
[381] indent=12 block=36cdbe27
      "Key observations:" {i}
[382] indent=0 block=-
[383] indent=12 block=36cdbe27
      "┌──────┬────────────┬──────┬───────────────────────────────┐" {fg=#9b9a97}
[384] indent=12 block=36cdbe27
      "│ " {fg=#9b9a97}
      "Peri" {b}
      " │ " {fg=#9b9a97}
      "DA-RT " {b}
      "    "
      " │ " {fg=#9b9a97}
      "Dire" {b}
      " │ " {fg=#9b9a97}
      "Signal" {b}
      "                       "
      " │ " {fg=#9b9a97}
[385] indent=12 block=36cdbe27
      "│ " {fg=#9b9a97}
      "od" {b}
      "  "
      " │ " {fg=#9b9a97}
      "Spread " {b}
      "   "
      " │ " {fg=#9b9a97}
      "ctio" {b}
      " │ " {fg=#9b9a97}
      "                             "
      " │ " {fg=#9b9a97}
[386] indent=12 block=36cdbe27
      "│ " {fg=#9b9a97}
      "    "
      " │ " {fg=#9b9a97}
      "(DART)" {b}
      "    "
      " │ " {fg=#9b9a97}
      "n" {b}
      "   "
      " │ " {fg=#9b9a97}
      "                             "
      " │ " {fg=#9b9a97}
[387] indent=12 block=36cdbe27
      "├──────┼────────────┼──────┼───────────────────────────────┤" {fg=#9b9a97}
[388] indent=12 block=36cdbe27
      "│ " {fg=#9b9a97}
      "HE9–"
      " │ " {fg=#9b9a97}
      "+$4.5 to "
      " "
      " │ " {fg=#9b9a97}
      "DA >"
      " │ " {fg=#9b9a97}
      "DA overbid midday — solar "
      "   "
      " │ " {fg=#9b9a97}
[389] indent=12 block=36cdbe27
      "│ " {fg=#9b9a97}
      "HE13"
      " │ " {fg=#9b9a97}
      "+$8.2"
      "     "
      " │ " {fg=#9b9a97}
      "RT"
      "  "
      " │ " {fg=#9b9a97}
      "suppressed RT below DA"
      "       "
      " │ " {fg=#9b9a97}
[390] indent=12 block=36cdbe27
      "│ " {fg=#9b9a97}
      "HE15"
      " │ " {fg=#9b9a97}
      "-$1.3 to "
      " "
      " │ " {fg=#9b9a97}
      "RT >"
      " │ " {fg=#9b9a97}
      "RT ran above DA into evening "
      " │ " {fg=#9b9a97}
[391] indent=12 block=36cdbe27
      "│ " {fg=#9b9a97}
      "–HE1"
      " │ " {fg=#9b9a97}
      "-$8.7"
      "     "
      " │ " {fg=#9b9a97}
      "DA"
      "  "
      " │ " {fg=#9b9a97}
      "ramp"
      "                         "
      " │ " {fg=#9b9a97}
[392] indent=12 block=36cdbe27
      "│ " {fg=#9b9a97}
      "7"
      "   "
      " │ " {fg=#9b9a97}
      "          "
      " │ " {fg=#9b9a97}
      "    "
      " │ " {fg=#9b9a97}
      "                             "
      " │ " {fg=#9b9a97}
[393] indent=12 block=36cdbe27
      "│ " {fg=#9b9a97}
      "HE18"
      " │ " {fg=#9b9a97}
      "+$1.7 to "
      " "
      " │ " {fg=#9b9a97}
      "DA >"
      " │ " {fg=#9b9a97}
      "DA again above RT in evening "
      " │ " {fg=#9b9a97}
[394] indent=12 block=36cdbe27
      "│ " {fg=#9b9a97}
      "–HE2"
      " │ " {fg=#9b9a97}
      "+$5.9"
      "     "
      " │ " {fg=#9b9a97}
      "RT"
      "  "
      " │ " {fg=#9b9a97}
      "peak"
      "                         "
      " │ " {fg=#9b9a97}
[395] indent=12 block=36cdbe27
      "│ " {fg=#9b9a97}
      "2"
      "   "
      " │ " {fg=#9b9a97}
      "          "
      " │ " {fg=#9b9a97}
      "    "
      " │ " {fg=#9b9a97}
      "                             "
      " │ " {fg=#9b9a97}
[396] indent=12 block=36cdbe27
      "│ " {fg=#9b9a97}
      "HE24"
      " │ " {fg=#9b9a97}
      "-$6.4"
      "     "
      " │ " {fg=#9b9a97}
      "RT >"
      " │ " {fg=#9b9a97}
      "RT spiked overnight"
      "          "
      " │ " {fg=#9b9a97}
[397] indent=12 block=36cdbe27
      "│ " {fg=#9b9a97}
      "    "
      " │ " {fg=#9b9a97}
      "          "
      " │ " {fg=#9b9a97}
      "DA"
      "  "
      " │ " {fg=#9b9a97}
      "                             "
      " │ " {fg=#9b9a97}
[398] indent=12 block=36cdbe27
      "└──────┴────────────┴──────┴───────────────────────────────┘" {fg=#9b9a97}
[399] indent=0 block=-
[400] indent=12 block=36cdbe27
      "What this tells you about DA bid behavior:" {b i}
[401] indent=0 block=-
[402] indent=12 block=36cdbe27
      "• "
      "The " {i}
      "midday DA premium (HE9–HE13)" {b i}
      " — up to $8.21 at HE12 — " {i}
[403] indent=12 block=36cdbe27
      "  "
      "is consistent with bidders pricing in solar uncertainty. " {i}
[404] indent=12 block=36cdbe27
      "  "
      "DA cleared well above where RT settled, suggesting the " {i}
[405] indent=12 block=36cdbe27
      "  "
      "market priced a risk premium for afternoon solar " {i}
[406] indent=12 block=36cdbe27
      "  "
      "variability that didn't materialize as severely in RT." {i}
[407] indent=12 block=36cdbe27
      "• "
      "The " {i}
      "HE15–HE17 reversal" {b i}
      " (RT > DA by up to $8.70) points to " {i}
[408] indent=12 block=36cdbe27
      "  "
      "an underestimation of the evening ramp in DA — the " {i}
[409] indent=12 block=36cdbe27
      "  "
      "opposite effect, where RT tightened faster than DA " {i}
[410] indent=12 block=36cdbe27
      "  "
      "anticipated." {i}
[411] indent=12 block=36cdbe27
      "• "
      "DAM volumes" {b i}
      " show buy-side demand peaking in HE17–HE22 " {i}
[412] indent=12 block=36cdbe27
      "  "
      "(~17,500–18,300 MWh) with sell-side heaviest in HE9–HE13 " {i}
[413] indent=12 block=36cdbe27
      "  "
      "(~5,000–5,300 MWh), consistent with participants locking " {i}
[414] indent=12 block=36cdbe27
      "  "
      "in DA sales during the solar window." {i}
[415] indent=0 block=-
[416] indent=12 block=36cdbe27
      "────────────────────────────────────────────────────────────" {fg=#9b9a97}
[417] indent=0 block=-
[418] indent=12 block=36cdbe27
      "If you're working with a specific model or framework that " {i}
[419] indent=12 block=36cdbe27
      "uses \"uncertainty penalization\" as a defined term — e.g., a " {i}
[420] indent=12 block=36cdbe27
      "stochastic bidding model or a specific EQ methodology — let " {i}
[421] indent=12 block=36cdbe27
      "me know and I can pull the relevant context. I can also " {i}
[422] indent=12 block=36cdbe27
      "break this down by node-level prices within the North zone " {i}
[423] indent=12 block=36cdbe27
      "if the hub view isn't granular enough." {i}
[424] indent=0 block=-
[425] indent=12 block=36cdbe27
      "Reviewer Comment:" {b}
[426] indent=0 block=-
[427] indent=12 block=36cdbe27
      "This response erodes my confidence in the chatbot. Question " {i}
[428] indent=12 block=36cdbe27
      "2 was nearly the same; but generated this response:\nNo " {i}
[429] indent=12 block=36cdbe27
      "strategy run data found for ERCOT operating day 2026-05-15 " {i}
[430] indent=12 block=36cdbe27
      "at HB_NORTH." {i}
[431] indent=0 block=-
[432] indent=12 block=36cdbe27
      "I see how this response (likely) doesn't rely on bid data at" {i}
[433] indent=12 block=36cdbe27
      "all, and just uses DART trends to speak at a high level " {i}
[434] indent=12 block=36cdbe27
      "about expected bidding behavior. But that doesn't answer the" {i}
[435] indent=12 block=36cdbe27
      "question of \"how did\", it answers the question \"how could\"." {i}
[436] indent=0 block=-
[437] indent=12 block=36cdbe27
      "\nAdditionally, it's unclear if the data referenced in the " {i}
[438] indent=12 block=36cdbe27
      "response is forecast or actuals." {i}
[439] indent=0 block=-
[440] indent=12 block=36cdbe27
      "\nIf actuals: this response is not helpful, as it doesn't " {i}
[441] indent=12 block=36cdbe27
      "include any aspect of uncertainty." {i}
[442] indent=0 block=-
[443] indent=12 block=36cdbe27
      "\nIf forecasts: a point forecast is always an estimate, but it" {i}
[444] indent=12 block=36cdbe27
      "doesn't capture uncertainty. What is the agent using to " {i}
[445] indent=12 block=36cdbe27
      "identify uncertainty?" {i}
[446] indent=0 block=-
[447] indent=6 block=36bdbe27
      "[image]" {i fg=#9b9a97}
[448] indent=0 block=-
[449] indent=6 block=36cdbe27
      "┌──────────┬────────────────────────────┬─────────────────┬──────┐" {fg=#9b9a97}
[450] indent=6 block=36cdbe27
      "│ " {fg=#9b9a97}
      "Failure " {b}
      " │ " {fg=#9b9a97}
      "Desc." {b}
      "                     "
      " │ " {fg=#9b9a97}
      "Fix" {b}
      "            "
      " │ " {fg=#9b9a97}
      "Time" {b}
      " │ " {fg=#9b9a97}
[451] indent=6 block=36cdbe27
      "│ " {fg=#9b9a97}
      "Theme" {b}
      "   "
      " │ " {fg=#9b9a97}
      "                          "
      " │ " {fg=#9b9a97}
      "               "
      " │ " {fg=#9b9a97}
      "fram" {b}
      " │ " {fg=#9b9a97}
[452] indent=6 block=36cdbe27
      "│ " {fg=#9b9a97}
      "        "
      " │ " {fg=#9b9a97}
      "                          "
      " │ " {fg=#9b9a97}
      "               "
      " │ " {fg=#9b9a97}
      "e" {b}
      "   "
      " │ " {fg=#9b9a97}
[453] indent=6 block=36cdbe27
      "├──────────┼────────────────────────────┼─────────────────┼──────┤" {fg=#9b9a97}
[454] indent=6 block=36cdbe27
      "│ " {fg=#9b9a97}
      "Data "
      "   "
      " │ " {fg=#9b9a97}
      "Some questions require "
      "   "
      " │ " {fg=#9b9a97}
      "Allow agents in"
      " │ " {fg=#9b9a97}
      "Now"
      " "
      " │ " {fg=#9b9a97}
[455] indent=6 block=36cdbe27
      "│ " {fg=#9b9a97}
      "access "
      " "
      " │ " {fg=#9b9a97}
      "prod data access. Agent "
      "  "
      " │ " {fg=#9b9a97}
      "all envs to "
      "   "
      " │ " {fg=#9b9a97}
      "    "
      " │ " {fg=#9b9a97}
[456] indent=6 block=36cdbe27
      "│ " {fg=#9b9a97}
      "gaps"
      "    "
      " │ " {fg=#9b9a97}
      "tested only had dev data "
      " "
      " │ " {fg=#9b9a97}
      "read prod data"
      " "
      " │ " {fg=#9b9a97}
      "    "
      " │ " {fg=#9b9a97}
[457] indent=6 block=36cdbe27
      "│ " {fg=#9b9a97}
      "        "
      " │ " {fg=#9b9a97}
      "access"
      "                    "
      " │ " {fg=#9b9a97}
      "               "
      " │ " {fg=#9b9a97}
      "    "
      " │ " {fg=#9b9a97}
[458] indent=6 block=36cdbe27
      "│ " {fg=#9b9a97}
      "Verbose "
      " │ " {fg=#9b9a97}
      "Buried lede, long answers "
      " │ " {fg=#9b9a97}
      "Update system "
      " "
      " │ " {fg=#9b9a97}
      "Now"
      " "
      " │ " {fg=#9b9a97}
[459] indent=6 block=36cdbe27
      "│ " {fg=#9b9a97}
      "answers"
      " "
      " │ " {fg=#9b9a97}
      "for straightforward "
      "      "
      " │ " {fg=#9b9a97}
      "prompt"
      "         "
      " │ " {fg=#9b9a97}
      "    "
      " │ " {fg=#9b9a97}
[460] indent=6 block=36cdbe27
      "│ " {fg=#9b9a97}
      "        "
      " │ " {fg=#9b9a97}
      "factual questions. Long "
      "  "
      " │ " {fg=#9b9a97}
      "               "
      " │ " {fg=#9b9a97}
      "    "
      " │ " {fg=#9b9a97}
[461] indent=6 block=36cdbe27
      "│ " {fg=#9b9a97}
      "        "
      " │ " {fg=#9b9a97}
      "responses for “I can’t "
      "   "
      " │ " {fg=#9b9a97}
      "               "
      " │ " {fg=#9b9a97}
      "    "
      " │ " {fg=#9b9a97}
[462] indent=6 block=36cdbe27
      "│ " {fg=#9b9a97}
      "        "
      " │ " {fg=#9b9a97}
      "answer that”"
      "              "
      " │ " {fg=#9b9a97}
      "               "
      " │ " {fg=#9b9a97}
      "    "
      " │ " {fg=#9b9a97}
[463] indent=6 block=36cdbe27
      "│ " {fg=#9b9a97}
      "Question"
      " │ " {fg=#9b9a97}
      "Still references "
      "         "
      " │ " {fg=#9b9a97}
      "Route all "
      "     "
      " │ " {fg=#9b9a97}
      "Now"
      " "
      " │ " {fg=#9b9a97}
[464] indent=6 block=36cdbe27
      "│ " {fg=#9b9a97}
      "data set"
      " │ " {fg=#9b9a97}
      "ExplainabilityAgent" {code}
      ". "
      "     "
      " │ " {fg=#9b9a97}
      "questions to "
      "  "
      " │ " {fg=#9b9a97}
      "    "
      " │ " {fg=#9b9a97}
[465] indent=6 block=36cdbe27
      "│ " {fg=#9b9a97}
      "errors"
      "  "
      " │ " {fg=#9b9a97}
      "References data in other "
      " "
      " │ " {fg=#9b9a97}
      "EQTradingAssist" {code}
      " │ " {fg=#9b9a97}
      "    "
      " │ " {fg=#9b9a97}
[466] indent=6 block=36cdbe27
      "│ " {fg=#9b9a97}
      "        "
      " │ " {fg=#9b9a97}
      "environments. Irrelevant "
      " "
      " │ " {fg=#9b9a97}
      "ant" {code}
      "            "
      " │ " {fg=#9b9a97}
      "    "
      " │ " {fg=#9b9a97}
[467] indent=6 block=36cdbe27
      "│ " {fg=#9b9a97}
      "        "
      " │ " {fg=#9b9a97}
      "questions. "
      "               "
      " │ " {fg=#9b9a97}
      "               "
      " │ " {fg=#9b9a97}
      "    "
      " │ " {fg=#9b9a97}
[468] indent=6 block=36cdbe27
      "│ " {fg=#9b9a97}
      "Missing "
      " │ " {fg=#9b9a97}
      "Missing the procedural "
      "   "
      " │ " {fg=#9b9a97}
      "Build skills to"
      " │ " {fg=#9b9a97}
      "Next"
      " │ " {fg=#9b9a97}
[469] indent=6 block=36cdbe27
      "│ " {fg=#9b9a97}
      "ability "
      " │ " {fg=#9b9a97}
      "knowledge or tools "
      "       "
      " │ " {fg=#9b9a97}
      "close gap"
      "      "
      " │ " {fg=#9b9a97}
      "    "
      " │ " {fg=#9b9a97}
[470] indent=6 block=36cdbe27
      "│ " {fg=#9b9a97}
      "to do "
      "  "
      " │ " {fg=#9b9a97}
      "required to perform work "
      " "
      " │ " {fg=#9b9a97}
      "               "
      " │ " {fg=#9b9a97}
      "    "
      " │ " {fg=#9b9a97}
[471] indent=6 block=36cdbe27
      "│ " {fg=#9b9a97}
      "multi-st"
      " │ " {fg=#9b9a97}
      "that SMEs do with ad-hoc "
      " "
      " │ " {fg=#9b9a97}
      "               "
      " │ " {fg=#9b9a97}
      "    "
      " │ " {fg=#9b9a97}
[472] indent=6 block=36cdbe27
      "│ " {fg=#9b9a97}
      "ep "
      "     "
      " │ " {fg=#9b9a97}
      "scripts or Cursor/Claude"
      "  "
      " │ " {fg=#9b9a97}
      "               "
      " │ " {fg=#9b9a97}
      "    "
      " │ " {fg=#9b9a97}
[473] indent=6 block=36cdbe27
      "│ " {fg=#9b9a97}
      "analysis"
      " │ " {fg=#9b9a97}
      "                          "
      " │ " {fg=#9b9a97}
      "               "
      " │ " {fg=#9b9a97}
      "    "
      " │ " {fg=#9b9a97}
[474] indent=6 block=36cdbe27
      "│ " {fg=#9b9a97}
      "Vector "
      " "
      " │ " {fg=#9b9a97}
      "The agent tested did not "
      " "
      " │ " {fg=#9b9a97}
      "Deploy dagster "
      " │ " {fg=#9b9a97}
      "Next"
      " │ " {fg=#9b9a97}
[475] indent=6 block=36cdbe27
      "│ " {fg=#9b9a97}
      "store "
      "  "
      " │ " {fg=#9b9a97}
      "have access to the DBR "
      "   "
      " │ " {fg=#9b9a97}
      "and DBR vector "
      " │ " {fg=#9b9a97}
      "    "
      " │ " {fg=#9b9a97}
[476] indent=6 block=36cdbe27
      "│ " {fg=#9b9a97}
      "access"
      "  "
      " │ " {fg=#9b9a97}
      "vector store, which "
      "      "
      " │ " {fg=#9b9a97}
      "store"
      "          "
      " │ " {fg=#9b9a97}
      "    "
      " │ " {fg=#9b9a97}
[477] indent=6 block=36cdbe27
      "│ " {fg=#9b9a97}
      "        "
      " │ " {fg=#9b9a97}
      "contains substantial "
      "     "
      " │ " {fg=#9b9a97}
      "               "
      " │ " {fg=#9b9a97}
      "    "
      " │ " {fg=#9b9a97}
[478] indent=6 block=36cdbe27
      "│ " {fg=#9b9a97}
      "        "
      " │ " {fg=#9b9a97}
      "amount of forecasting "
      "    "
      " │ " {fg=#9b9a97}
      "               "
      " │ " {fg=#9b9a97}
      "    "
      " │ " {fg=#9b9a97}
[479] indent=6 block=36cdbe27
      "│ " {fg=#9b9a97}
      "        "
      " │ " {fg=#9b9a97}
      "model information"
      "         "
      " │ " {fg=#9b9a97}
      "               "
      " │ " {fg=#9b9a97}
      "    "
      " │ " {fg=#9b9a97}
[480] indent=6 block=36cdbe27
      "│ " {fg=#9b9a97}
      "Vector "
      " "
      " │ " {fg=#9b9a97}
      "Context layer has not been"
      " │ " {fg=#9b9a97}
      "Inject more "
      "   "
      " │ " {fg=#9b9a97}
      "Next"
      " │ " {fg=#9b9a97}
[481] indent=6 block=36cdbe27
      "│ " {fg=#9b9a97}
      "store "
      "  "
      " │ " {fg=#9b9a97}
      "invested in due to lack of"
      " │ " {fg=#9b9a97}
      "relevant "
      "      "
      " │ " {fg=#9b9a97}
      ", "
      "  "
      " │ " {fg=#9b9a97}
[482] indent=6 block=36cdbe27
      "│ " {fg=#9b9a97}
      "investme"
      " │ " {fg=#9b9a97}
      "prioritization, direction,"
      " │ " {fg=#9b9a97}
      "information "
      "   "
      " │ " {fg=#9b9a97}
      "on-g"
      " │ " {fg=#9b9a97}
[483] indent=6 block=36cdbe27
      "│ " {fg=#9b9a97}
      "nt"
      "      "
      " │ " {fg=#9b9a97}
      "or usage"
      "                  "
      " │ " {fg=#9b9a97}
      "into context "
      "  "
      " │ " {fg=#9b9a97}
      "oing"
      " │ " {fg=#9b9a97}
[484] indent=6 block=36cdbe27
      "│ " {fg=#9b9a97}
      "        "
      " │ " {fg=#9b9a97}
      "                          "
      " │ " {fg=#9b9a97}
      "layer to better"
      " │ " {fg=#9b9a97}
      "    "
      " │ " {fg=#9b9a97}
[485] indent=6 block=36cdbe27
      "│ " {fg=#9b9a97}
      "        "
      " │ " {fg=#9b9a97}
      "                          "
      " │ " {fg=#9b9a97}
      "serve users"
      "    "
      " │ " {fg=#9b9a97}
      "    "
      " │ " {fg=#9b9a97}
[486] indent=6 block=36cdbe27
      "└──────────┴────────────────────────────┴─────────────────┴──────┘" {fg=#9b9a97}
[487] indent=0 block=-
[488] indent=6 block=36ddbe27
      "[image]" {i fg=#9b9a97}
[489] indent=0 block=-
[490] indent=6 block=36bdbe27
      "🗂 "
      "MC Beta EQ AI SME QA - Sheet1.csv" {u fg=#337ea9}
