lines=683 outline=8 anchors=215
=== OUTLINE ===
  L0 h1 "Agent Platform Standups + Sprint Prep"
  L6 h3 "Action Items"
  L26 h3 "Josh's Updates"
  L47 h3 "DataFrame Snapshots Discussion"
  L58 h3 "Jenna's Updates"
  L66 h3 "Cycle 9 Priorities"
  L92 h3 "Tool and Platform Decisions"
  L117 h3 "Strategic Discussions"
=== LINES ===
[000] indent=0 block=343dbe27 H1
      "Agent Platform Standups + Sprint Prep" {b fg=#337ea9}
[001] indent=0 block=343dbe27
      "────────────────────────────────────────────────────────────────────────" {fg=#337ea9}
[002] indent=0 block=-
[003] indent=0 block=348dbe27
      "▾ "
      "2026-04-24 "
[004] indent=2 block=348dbe27
      "[unsupported block]" {i fg=#9b9a97}
[005] indent=4 block=34cdbe27
[006] indent=6 block=34cdbe27 H3
      "Action Items" {b}
[007] indent=0 block=-
[008] indent=6 block=34cdbe27
      "[ ] "
      "Josh to set up regular evals running twice a week against "
[009] indent=6 block=34cdbe27
      "    "
      "dev/main "
[010] indent=6 block=34cdbe27
      "[ ] "
      "Josh to work on measuring quality of hallucination metric "
[011] indent=6 block=34cdbe27
      "    "
      "using F1 score "
[012] indent=6 block=34cdbe27
      "[ ] "
      "Team to wait for Joel's RFC implementation for DataFrame "
[013] indent=6 block=34cdbe27
      "    "
      "snapshots in EQ Warehouse "
[014] indent=6 block=34cdbe27
      "[ ] "
      "Josh to continue work on expanding chat protocol to support "
[015] indent=6 block=34cdbe27
      "    "
      "clarification and user approval "
[016] indent=6 block=34cdbe27
      "[ ] "
      "Adam to slack Greg's requirements and tenants to Jenna  "
[017] indent=6 block=34cdbe27
      "[ ] "
      "Team to check with Ryan about how they are using LangSmith "
[018] indent=6 block=34cdbe27
      "    "
      "before deprecating  "
[019] indent=6 block=34cdbe27
      "[ ] "
      "Cian to put together a document defining what's needed to "
[020] indent=6 block=34cdbe27
      "    "
      "support chat in MVP  "
[021] indent=6 block=34cdbe27
      "[ ] "
      "Adam to write a doc about agent ownership and bring it to Josh"
[022] indent=6 block=34cdbe27
      "    "
      "and Lauren  "
[023] indent=6 block=34cdbe27
      "[ ] "
      "Team to work on increasing chat usage through MCP server and "
[024] indent=6 block=34cdbe27
      "    "
      "more context layer insertions  "
[025] indent=0 block=-
[026] indent=6 block=34cdbe27 H3
      "Josh's Updates" {b}
[027] indent=0 block=-
[028] indent=6 block=34cdbe27
      "• "
      "Initial OPEC setup is nearly complete with a couple of PRs still"
[029] indent=6 block=34cdbe27
      "  "
      "outstanding "
[030] indent=6 block=34cdbe27
      "• "
      "Hallucination metric is currently showing around 45%, which is "
[031] indent=6 block=34cdbe27
      "  "
      "inverse to the Brain Trust faithfulness score that was around "
[032] indent=6 block=34cdbe27
      "  "
      "60% "
[033] indent=6 block=34cdbe27
      "• "
      "Next steps include setting up regular measurements (twice "
[034] indent=6 block=34cdbe27
      "  "
      "weekly) against dev/main "
[035] indent=6 block=34cdbe27
      "• "
      "Plans to work on validating the hallucination score quality "
[036] indent=6 block=34cdbe27
      "  "
      "using an F1 score or similar metric "
[037] indent=6 block=34cdbe27
      "• "
      "Process will involve implementing metrics, validating their "
[038] indent=6 block=34cdbe27
      "  "
      "scores, getting real scores for the system, then improving those"
[039] indent=6 block=34cdbe27
      "  "
      "scores "
[040] indent=6 block=34cdbe27
      "• "
      "Work on DataFrame snapshots and analytical agents is currently "
[041] indent=6 block=34cdbe27
      "  "
      "paused waiting for Joel to implement the RFC for handling "
[042] indent=6 block=34cdbe27
      "  "
      "snapshots within EQ Warehouse  "
[043] indent=6 block=34cdbe27
      "• "
      "Started work on expanding the chat protocol between front-end "
[044] indent=6 block=34cdbe27
      "  "
      "and back-end to support asking for clarification or user "
[045] indent=6 block=34cdbe27
      "  "
      "approval "
[046] indent=0 block=-
[047] indent=6 block=34cdbe27 H3
      "DataFrame Snapshots Discussion" {b}
[048] indent=0 block=-
[049] indent=6 block=34cdbe27
      "• "
      "Joel is proposing that each snapshot creates a Databricks table "
[050] indent=6 block=34cdbe27
      "• "
      "Not every EQ Warehouse call will be saved - users will need to "
[051] indent=6 block=34cdbe27
      "  "
      "explicitly request saving queries as tables "
[052] indent=6 block=34cdbe27
      "• "
      "Users won't see table names or direct links to Databricks  "
[053] indent=6 block=34cdbe27
      "• "
      "Citations will be clickable in chat to show data in a floating "
[054] indent=6 block=34cdbe27
      "  "
      "table window within the UI, similar to what Danny has built  "
[055] indent=6 block=34cdbe27
      "• "
      "The data frame appears as a floating table in the UI, not inline"
[056] indent=6 block=34cdbe27
      "  "
      "with chat "
[057] indent=0 block=-
[058] indent=6 block=34cdbe27 H3
      "Jenna's Updates" {b}
[059] indent=0 block=-
[060] indent=6 block=34cdbe27
      "• "
      "Working on roadmap documentation and aligning different "
[061] indent=6 block=34cdbe27
      "  "
      "requirements  "
[062] indent=6 block=34cdbe27
      "• "
      "Reviewing Q3 MVP deliverables and agent platform requirements  "
[063] indent=6 block=34cdbe27
      "• "
      "Seeking alignment between Adam's doc requirements and Q3 "
[064] indent=6 block=34cdbe27
      "  "
      "deliverables  "
[065] indent=0 block=-
[066] indent=6 block=34cdbe27 H3
      "Cycle 9 Priorities" {b}
[067] indent=0 block=-
[068] indent=6 block=34cdbe27
      "Operationalize OPEC:" {b}
      "  "
[069] indent=0 block=-
[070] indent=6 block=34cdbe27
      "• "
      "Load datasets from git (eq_evals/datasets)"
[071] indent=6 block=34cdbe27
      "• "
      "Run evals on each deploy/day"
[072] indent=6 block=34cdbe27
      "• "
      "Track objective measures (number of traces, duration of trace, "
[073] indent=6 block=34cdbe27
      "  "
      "TTFT, cost)"
[074] indent=6 block=34cdbe27
      "• "
      "Log tool calls and EQRN references"
[075] indent=6 block=34cdbe27
      "• "
      "Understand the process for rolling out new qualitative metrics "
[076] indent=6 block=34cdbe27
      "  "
      "(starting with hallucination metric at 45%)  "
[077] indent=6 block=34cdbe27
      "• "
      "Get OPEC set up in production - prove it out first, test it, "
[078] indent=6 block=34cdbe27
      "  "
      "then extend to other environments"
[079] indent=6 block=34cdbe27
      "• "
      "NOT in scope: Deprecating Brain Trust (only once OPEC is in "
[080] indent=6 block=34cdbe27
      "  "
      "every environment), deprecating LangSmith (need to check with "
[081] indent=6 block=34cdbe27
      "  "
      "Ryan about usage)"
[082] indent=0 block=-
[083] indent=6 block=34cdbe27
      "MCP Server Prototype:" {b}
      " "
[084] indent=0 block=-
[085] indent=6 block=34cdbe27
      "• "
      "Enable interaction with context layer through Cursor and Claude"
[086] indent=6 block=34cdbe27
      "• "
      "Support one-off uploading of context to context layer"
[087] indent=6 block=34cdbe27
      "• "
      "Prioritize loading context docs"
[088] indent=6 block=34cdbe27
      "• "
      "Scan for docs that should be loaded into context"
[089] indent=6 block=34cdbe27
      "• "
      "Publish user guide"
[090] indent=6 block=34cdbe27
      "• "
      "NOT in scope: MCP/Claude insertion into the context layer"
[091] indent=0 block=-
[092] indent=6 block=34cdbe27 H3
      "Tool and Platform Decisions" {b}
[093] indent=0 block=-
[094] indent=6 block=34cdbe27
      "OPEC Deployment:" {b}
[095] indent=0 block=-
[096] indent=6 block=34cdbe27
      "• "
      "OPEC only needs to be deployed to sandbox and dev environments "
[097] indent=6 block=34cdbe27
      "  "
      "initially "
[098] indent=6 block=34cdbe27
      "• "
      "Plan to deprecate Brain Trust once OPEC is in every environment "
[099] indent=6 block=34cdbe27
      "  "
[100] indent=6 block=34cdbe27
      "• "
      "LangSmith can serve as backup for beta  "
[101] indent=6 block=34cdbe27
      "• "
      "Deployment to additional environments likely in cycle 10 or 11 "
[102] indent=6 block=34cdbe27
      "• "
      "Team has 10-15 customer environments total  "
[103] indent=0 block=-
[104] indent=6 block=34cdbe27
      "Feedback Collection:" {b}
[105] indent=0 block=-
[106] indent=6 block=34cdbe27
      "• "
      "Portal chat currently has thumbs up/down feedback that was going"
[107] indent=6 block=34cdbe27
      "  "
      "to Brain Trust, now redirected to OPEC  "
[108] indent=6 block=34cdbe27
      "• "
      "Feedback includes a modal for free-form text input "
[109] indent=6 block=34cdbe27
      "• "
      "Currently minimal usage - mainly testing data "
[110] indent=0 block=-
[111] indent=6 block=34cdbe27
      "LangSmith Usage:" {b}
[112] indent=0 block=-
[113] indent=6 block=34cdbe27
      "• "
      "Ryan occasionally uses it for demos (recently provided Brain "
[114] indent=6 block=34cdbe27
      "  "
      "Trust trace for NVIDIA demo)  "
[115] indent=6 block=34cdbe27
      "• "
      "Need to check with Ryan about actual usage before deprecating "
[116] indent=0 block=-
[117] indent=6 block=34cdbe27 H3
      "Strategic Discussions" {b}
[118] indent=0 block=-
[119] indent=6 block=34cdbe27
      "Requirements Alignment:" {b}
[120] indent=0 block=-
[121] indent=6 block=34cdbe27
      "• "
      "Greg Bellingham has outlined requirements and tenants for agent "
[122] indent=6 block=34cdbe27
      "  "
      "platform focusing on being \"external first\"  "
[123] indent=6 block=34cdbe27
      "• "
      "Capabilities should be accessible to external users including "
[124] indent=6 block=34cdbe27
      "  "
      "EQAI tools, ability to add context, and build applications "
[125] indent=6 block=34cdbe27
      "• "
      "Requirements are based on general building tenants rather than "
[126] indent=6 block=34cdbe27
      "  "
      "specific customer requests "
[127] indent=6 block=34cdbe27
      "• "
      "Greg shared requirements via Josh in Slack message from April "
[128] indent=6 block=34cdbe27
      "  "
      "3rd  "
[129] indent=6 block=34cdbe27
      "• "
      "Team has a four-hour session scheduled with Greg on Monday "
[130] indent=0 block=-
[131] indent=6 block=34cdbe27
      "Agent Ownership:" {b}
[132] indent=0 block=-
[133] indent=6 block=34cdbe27
      "• "
      "Discussion about ownership after unifying Helm's agent with the "
[134] indent=6 block=34cdbe27
      "  "
      "team's agent  "
[135] indent=6 block=34cdbe27
      "• "
      "Adam proposing that the agent platform team continues owning it "
[136] indent=6 block=34cdbe27
      "  "
      "with carved-out subset features  "
[137] indent=6 block=34cdbe27
      "• "
      "Tension between being a platform provider versus owning specific"
[138] indent=6 block=34cdbe27
      "  "
      "production agents  "
[139] indent=6 block=34cdbe27
      "• "
      "Question about how to handle internal agent building (Erica, "
[140] indent=6 block=34cdbe27
      "  "
      "Buttercup, etc.) without requiring everything to go through the "
[141] indent=6 block=34cdbe27
      "  "
      "agent platform team  "
[142] indent=6 block=34cdbe27
      "• "
      "Lower bar for internal agents that won't go to production for "
[143] indent=6 block=34cdbe27
      "  "
      "customers "
[144] indent=6 block=34cdbe27
      "• "
      "Danny has expressed interest in helping with the market data "
[145] indent=6 block=34cdbe27
      "  "
      "agent "
[146] indent=0 block=-
[147] indent=6 block=34cdbe27
      "Chat Usage Goals:" {b}
[148] indent=0 block=-
[149] indent=6 block=34cdbe27
      "• "
      "Increasing chat usage is a North Star for "
[150] indent=6 block=34cdbe27
      "  "
      "validating/invalidating work, even though it costs more money "
[151] indent=6 block=34cdbe27
      "  "
      "rather than driving revenue "
[152] indent=6 block=34cdbe27
      "• "
      "Goals include increasing surface area of access through MCP "
[153] indent=6 block=34cdbe27
      "  "
      "server, using tools, and adding more context "
[154] indent=0 block=-
[155] indent=6 block=34cdbe27
      "MVP Planning:" {b}
[156] indent=0 block=-
[157] indent=6 block=34cdbe27
      "• "
      "Need to define what's required to support chat in MVP "
[158] indent=6 block=34cdbe27
      "• "
      "Should measure quality before beta and establish metrics to "
[159] indent=6 block=34cdbe27
      "  "
      "compare against real user behavior "
[160] indent=6 block=34cdbe27
      "• "
      "Need to establish on-call plan and incident response for chat "
[161] indent=6 block=34cdbe27
      "• "
      "No SLA required by MVP, but needed by GA "
[162] indent=0 block=-
[163] indent=4 block=348dbe27
[164] indent=6 block=348dbe27
      "• "
      "What did we learn from yesterday’s discovery calls?"
[165] indent=6 block=348dbe27
      "• "
      "experimenting with opik dashboards"
[166] indent=6 block=34cdbe27
      "• "
      "monday greg meeting"
[167] indent=6 block=34cdbe27
      "• "
      "cycle 9 priorities (tickets to make)"
[168] indent=8 block=34cdbe27
      "◦ "
      "operationalize opik"
[169] indent=10 block=34cdbe27
      "▪ "
      "load datasets from git (eq_evals/datasets)"
[170] indent=10 block=34cdbe27
      "▪ "
      "run evals on each deploy/day"
[171] indent=10 block=34cdbe27
      "▪ "
      "track objective measures (# of traces, duration of trace, "
[172] indent=10 block=34cdbe27
      "  "
      "TTFT, $)"
[173] indent=10 block=34cdbe27
      "▪ "
      "log tool calls and EQRN references"
[174] indent=12 block=34cdbe27
      "• "
[175] indent=10 block=34cdbe27
      "▪ "
      "understand what the process for rolling out a new "
[176] indent=10 block=34cdbe27
      "  "
      "(qualitative) metric is"
[177] indent=12 block=34cdbe27
      "• "
      "F1 score"
[178] indent=12 block=34cdbe27
      "• "
      "starts with hallucination metric (today is at 45%)"
[179] indent=10 block=34cdbe27
      "▪ "
      "getting it set up in prod - prove it out first, test it, "
[180] indent=10 block=34cdbe27
      "  "
      "extend in other environments"
[181] indent=10 block=34cdbe27
      "▪ "
[182] indent=10 block=34cdbe27
      "▪ "
      "not in scope"
[183] indent=12 block=34cdbe27
      "• "
      "deprecating braintrust - only can once we have opik in "
[184] indent=12 block=34cdbe27
      "  "
      "every environment"
[185] indent=12 block=34cdbe27
      "• "
      "deprecating langsmith"
[186] indent=14 block=34cdbe27
      "◦ "
      "need to cehck with ryan about how he is using it"
[187] indent=8 block=34cdbe27
      "◦ "
      "MCP server prototype - interact with context layer, upload "
[188] indent=8 block=34cdbe27
      "  "
      "more context, "
[189] indent=10 block=34cdbe27
      "▪ "
      "available in cursor and claude"
[190] indent=10 block=34cdbe27
      "▪ "
      "able to one-off upload context to context layer"
[191] indent=12 block=34cdbe27
      "• "
      "prioritize the context docs listed in "
      "Forecast Context " {href=https://app.notion.com/p/342dbe275992805dbdeddaec498fe7f0}
[192] indent=12 block=34cdbe27
      "  "
      "Engineering" {href=https://app.notion.com/p/342dbe275992805dbdeddaec498fe7f0}
      " "
[193] indent=10 block=34cdbe27
      "▪ "
      "scan for docs that should be loaded into context"
[194] indent=10 block=34cdbe27
      "▪ "
      "publish user guide"
[195] indent=10 block=34cdbe27
      "▪ "
      "not in scope"
[196] indent=12 block=34cdbe27
      "• "
      "mcp / claude insertion into the context layer"
[197] indent=0 block=-
[198] indent=4 block=34cdbe27
[199] indent=6 block=34cdbe27
      "Next week, we can use this as like a cycle eight review. of sorts,"
[200] indent=6 block=34cdbe27
      "even though there's still some days left, and then some cycle nine"
[201] indent=6 block=34cdbe27
      "prioritization and planning. Okay, so for stand-up. Any volunteers"
[202] indent=6 block=34cdbe27
      "go first."
[203] indent=0 block=-
[204] indent=6 block=34cdbe27
      "I can go, I guess. Yeah. I think I'm pretty much done with the "
[205] indent=6 block=34cdbe27
      "initial opic setup. I got a couple of PRs still out, but I think "
[206] indent=6 block=34cdbe27
      "I've taken care of everything we need to do in the first Kind of "
[207] indent=6 block=34cdbe27
      "like the first wave. Um The hallucination race... He's like... It "
[208] indent=6 block=34cdbe27
      "claims to be like 45%, which is... Probably completely wrong, but "
[209] indent=6 block=34cdbe27
      "this is also symmetrical to the-so the brain trust evaluator was "
[210] indent=6 block=34cdbe27
      "the faithfulness score. That was coming from around 60%. So it's "
[211] indent=6 block=34cdbe27
      "like, oh, there's our opposite metrics, and they are also the "
[212] indent=6 block=34cdbe27
      "inverse measurements."
[213] indent=0 block=-
[214] indent=6 block=34cdbe27
      "So they could be right, I guess. Um... Yeah. So I think what's "
[215] indent=6 block=34cdbe27
      "next on the OPEC front would be to I start getting these running "
[216] indent=6 block=34cdbe27
      "regularly. So I'm thinking about setting up a-I don't know, I "
[217] indent=6 block=34cdbe27
      "could do-Twice a week. or something measurements against dev or "
[218] indent=6 block=34cdbe27
      "whatever's in main, I guess. Yeah, so I guess I'm thinking about "
[219] indent=6 block=34cdbe27
      "like dev and main as the same thing, right? That'll get all "
[220] indent=6 block=34cdbe27
      "deployed from... main hint to dev."
[221] indent=0 block=-
[222] indent=6 block=34cdbe27
      "So do that and then probably start working on I guess trying to "
[223] indent=6 block=34cdbe27
      "measure Like... The quality of the hallucination score, like I "
[224] indent=6 block=34cdbe27
      "think maybe like an F1 score or something for hallucination "
[225] indent=6 block=34cdbe27
      "metric. I suspect what we're going to end up with is every time we"
[226] indent=6 block=34cdbe27
      "laid up one of these metrics that we're going to have to go and "
[227] indent=6 block=34cdbe27
      "implement it. we'll have to like validate the score that's "
[228] indent=6 block=34cdbe27
      "producing. Then we get the real score for our system and then we "
[229] indent=6 block=34cdbe27
      "can start improving the score for our system."
[230] indent=0 block=-
[231] indent=6 block=34cdbe27
      "So that's kind of what's in my head at the moment for evals. All "
[232] indent=6 block=34cdbe27
      "this stuff that was going on on the... DataFrame snapshots and the"
[233] indent=6 block=34cdbe27
      "analytical agents front. Joel has an RFC. for handling snapshots "
[234] indent=6 block=34cdbe27
      "within EQ Warehouse. It looks good. So now we just have to get "
[235] indent=6 block=34cdbe27
      "them to actually go build it. But that's kind of like paused all "
[236] indent=6 block=34cdbe27
      "the rest of the work on that front. Um, And then the other thing "
[237] indent=6 block=34cdbe27
      "I've been kind of working on is starting to think about expanding "
[238] indent=6 block=34cdbe27
      "the the kind of chat protocol, like the connection between front "
[239] indent=6 block=34cdbe27
      "and back end to be able to support, you know, asking for "
[240] indent=6 block=34cdbe27
      "clarification or asking user approval."
[241] indent=0 block=-
[242] indent=6 block=34cdbe27
      "So. So yeah, I started working on that. Thank you. You know, I had"
[243] indent=6 block=34cdbe27
      "a question about the snapshot store thing. So, um, I haven't been "
[244] indent=6 block=34cdbe27
      "following it closely, but... Each snapshot creates a Databricks "
[245] indent=6 block=34cdbe27
      "table. That is what Joel is proposing."
[246] indent=0 block=-
[247] indent=6 block=34cdbe27
      "So what's the user experience like when user asks like a question "
[248] indent=6 block=34cdbe27
      "that like ends of what agent showing like a data frame user gets "
[249] indent=6 block=34cdbe27
      "like a link to go to a Databricks table and like gets to yeah like"
[250] indent=6 block=34cdbe27
      "what's the umLike,..."
[251] indent=0 block=-
[252] indent=6 block=34cdbe27
      "The idea is that we'll be able, like not every EQ Warehouse call "
[253] indent=6 block=34cdbe27
      "is going to get saved. You have to actually ask her to like, you "
[254] indent=6 block=34cdbe27
      "know, Run this query and save it as a table. And then you get back"
[255] indent=6 block=34cdbe27
      "the identifier of the table. And then you can go and you can use "
[256] indent=6 block=34cdbe27
      "that in a new query and you can iterate and iterate and each one "
[257] indent=6 block=34cdbe27
      "can be saved as a separate table. We have these identifiers and we"
[258] indent=6 block=34cdbe27
      "can returnThat's like tool details, like that kind of citation "
[259] indent=6 block=34cdbe27
      "back to the client. We're not going to show that table name to the"
[260] indent=6 block=34cdbe27
      "user. We're not going to show them a link."
[261] indent=0 block=-
[262] indent=6 block=34cdbe27
      "You know, like the way Danny has it in, you know, I I still think "
[263] indent=6 block=34cdbe27
      "of it as Helm because it's the demo that he's built. But what "
[264] indent=6 block=34cdbe27
      "Danny has been building, the citations, you can click on the tool "
[265] indent=6 block=34cdbe27
      "and statement in chat and then it'll pop up in a window. So like "
[266] indent=6 block=34cdbe27
      "the user isn't going to link to the, the, the table and "
[267] indent=6 block=34cdbe27
      "Databricks, they're getting a link which then Portal can used to "
[268] indent=6 block=34cdbe27
      "return the data frame. Does that make sense?"
[269] indent=0 block=-
[270] indent=6 block=34cdbe27
      "Yeah."
[271] indent=0 block=-
[272] indent=6 block=34cdbe27
      "Okay. So what format is the data frame? Like user gets a CSV down,"
[273] indent=6 block=34cdbe27
      "like a file they can download or it's streamed?"
[274] indent=0 block=-
[275] indent=6 block=34cdbe27
      "Window. Not the window. Like it opens a kind of a floating table, "
[276] indent=6 block=34cdbe27
      "I guess. Hmm. in line in the chat. Um... Fuck. I wish that the... "
[277] indent=6 block=34cdbe27
      "No, not in line with the chat. It's... its own unique little helm "
[278] indent=6 block=34cdbe27
      "ui um Is that accessible from dev at all? I don't have any "
[279] indent=6 block=34cdbe27
      "screenshots of it. It's something that we just have to go and look"
[280] indent=6 block=34cdbe27
      "at in the... in portal, but I don't know if it's something we can "
[281] indent=6 block=34cdbe27
      "get to."
[282] indent=0 block=-
[283] indent=6 block=34cdbe27
      "Okay, so user gets like to..."
[284] indent=0 block=-
[285] indent=6 block=34cdbe27
      "Hmm."
[286] indent=0 block=-
[287] indent=6 block=34cdbe27
      "After that, could you just restate what the blocker there is "
[288] indent=6 block=34cdbe27
      "again? Just Jules' work. Okay. Did you give any estimate on when "
[289] indent=6 block=34cdbe27
      "you might be able to?"
[290] indent=0 block=-
[291] indent=6 block=34cdbe27
      "I have a question going back to Opec and the evaluations too. So "
[292] indent=6 block=34cdbe27
      "if we don't need OPEC and ROG, just say Box and Dev, We don't need"
[293] indent=6 block=34cdbe27
      "OPEC in any other environments, just sandbox and dev."
[294] indent=0 block=-
[295] indent=6 block=34cdbe27
      "I see. Wait, we have 10 or 15 environments? For all the customer "
[296] indent=6 block=34cdbe27
      "environments, is that... Okay. Right."
[297] indent=0 block=-
[298] indent=6 block=34cdbe27
      "Is that... Could you educate me a little bit? Is that abnormal or "
[299] indent=6 block=34cdbe27
      "is this... A lot of times how it works, customer accounts have, I "
[300] indent=6 block=34cdbe27
      "mean, two dozen environments soon."
[301] indent=0 block=-
[302] indent=6 block=34cdbe27
      "Okay. Thank you. Mm-hmm."
[303] indent=0 block=-
[304] indent=6 block=34cdbe27
      "Fascinating. Thank you. Seems hard to operate in. Other question "
[305] indent=6 block=34cdbe27
      "was, what's an F-long square?"
[306] indent=0 block=-
[307] indent=6 block=34cdbe27
      "Easy. you Yeah. Yeah. I know what an F1 score is. I just want to "
[308] indent=6 block=34cdbe27
      "make sure. Yeah."
[309] indent=0 block=-
[310] indent=6 block=34cdbe27
      "I see."
[311] indent=0 block=-
[312] indent=6 block=34cdbe27
      "Yeah, sounds like you. Cortina ratio of metrics of balancing risk "
[313] indent=6 block=34cdbe27
      "and return bouncing on. Precision will be caught a little bit. "
[314] indent=6 block=34cdbe27
      "And..."
[315] indent=0 block=-
[316] indent=6 block=34cdbe27
      "So would this be like a gating factor that we use for any "
[317] indent=6 block=34cdbe27
      "qualitative metric that we want to use?"
[318] indent=0 block=-
[319] indent=6 block=34cdbe27
      "Mm-hmm."
[320] indent=0 block=-
[321] indent=6 block=34cdbe27
      "Yeah, okay. So how do we know when this model or this prompt or "
[322] indent=6 block=34cdbe27
      "something's ready to release to production. Well, it has to pass a"
[323] indent=6 block=34cdbe27
      "certain standard for our qualitative metrics of hallucination "
[324] indent=6 block=34cdbe27
      "accuracy, How do we come up with those metrics? Well, then we "
[325] indent=6 block=34cdbe27
      "think about what's important, but then also they have to pass a "
[326] indent=6 block=34cdbe27
      "certain bar of the precision and recall. I guess like the process "
[327] indent=6 block=34cdbe27
      "there is becoming more clear of how do we promote? Well, there's "
[328] indent=6 block=34cdbe27
      "qualitative metrics and of course like quantitative metrics."
[329] indent=0 block=-
[330] indent=6 block=34cdbe27
      "How do we have qualitative metrics? Well, it's based on what "
[331] indent=6 block=34cdbe27
      "matters and based on their like about validity. Um, Nothing else "
[332] indent=6 block=34cdbe27
      "to say there. Okay, that makes sense. And then on that, did you "
[333] indent=6 block=34cdbe27
      "say that you would be calculating that F1 score, considering that "
[334] indent=6 block=34cdbe27
      "thing about looking at the hallucination metric?"
[335] indent=0 block=-
[336] indent=6 block=34cdbe27
      "I'd love to be a part of that too whenever I'm back after next "
[337] indent=6 block=34cdbe27
      "week just to Um, That's a big part of Cycle9 priorities just "
[338] indent=6 block=34cdbe27
      "generally, and we'll get into that in a second, but generally "
[339] indent=6 block=34cdbe27
      "operationalized OPIC with the loading datasets, running these "
[340] indent=6 block=34cdbe27
      "kinds of tests, creating new metrics, running these metrics. The "
[341] indent=6 block=34cdbe27
      "objective and subjective, like the quantitative and qualitative "
[342] indent=6 block=34cdbe27
      "ones."
[343] indent=0 block=-
[344] indent=6 block=34cdbe27
      "Bless you. Yeah."
[345] indent=0 block=-
[346] indent=6 block=34cdbe27
      "Yeah, cool. No, we don't know. Like, the goal doesn't need to be a"
[347] indent=6 block=34cdbe27
      "we have six new qualitative metrics by the end of the... It's "
[348] indent=6 block=34cdbe27
      "like..."
[349] indent=0 block=-
[350] indent=6 block=34cdbe27
      "Cool. This is cool. I like to take myself through a pass of that "
[351] indent=6 block=34cdbe27
      "too. I'm never back. It sounds interesting. So... So I'm right "
[352] indent=6 block=34cdbe27
      "there, blocked on the DataFrame side, not blocked on anything Opix"
[353] indent=6 block=34cdbe27
      "side. Opix pretty much set up just figuring out processes, doing "
[354] indent=6 block=34cdbe27
      "some validation. more instrumentation to do. And stop."
[355] indent=0 block=-
[356] indent=6 block=34cdbe27
      "Cool. Thanks. Jenna."
[357] indent=0 block=-
[358] indent=6 block=34cdbe27
      "Thanks for being patient and providing input on the roadmap docs. "
[359] indent=6 block=34cdbe27
      "I feel like I'm kind of tumbling rocks around in my head and "
[360] indent=6 block=34cdbe27
      "think. and thinking about this stuff in a couple of different "
[361] indent=6 block=34cdbe27
      "ways. And, um, Thanks."
[362] indent=0 block=-
[363] indent=6 block=34cdbe27
      "Annette. MBP is Q3. Pretty sure that's what it is. I think so too."
[364] indent=6 block=34cdbe27
      "Yeah, so then I was looking at those."
[365] indent=0 block=-
[366] indent=6 block=34cdbe27
      "And he like kind of laid out, like, these are the platform stuff, "
[367] indent=6 block=34cdbe27
      "like, or like this, this is the agent to platform deliverables. So"
[368] indent=6 block=34cdbe27
      "then like, I was looking at, okay, like... That's what they're "
[369] indent=6 block=34cdbe27
      "asking for us to do. I was just thinking, Drew, like if they're "
[370] indent=6 block=34cdbe27
      "asking four dose things by end of June or July. Like what should I"
[371] indent=6 block=34cdbe27
      "be doing now? And, um, Yeah, and also the... But then there's some"
[372] indent=6 block=34cdbe27
      "stuff that you laid out in your doc, Adam, that wasn't part of any"
[373] indent=6 block=34cdbe27
      "of the Q3 stuff, so I was just curious."
[374] indent=0 block=-
[375] indent=6 block=34cdbe27
      "Yeah. how to align those things. Yeah, I can go ahead and answer "
[376] indent=6 block=34cdbe27
      "that."
[377] indent=0 block=-
[378] indent=6 block=34cdbe27
      "So it comes from a couple of different angles. It comes some from "
[379] indent=6 block=34cdbe27
      "Helm, obviously, but that's just one of those applications and use"
[380] indent=6 block=34cdbe27
      "cases that we have. Some other ones are Um, a general program or "
[381] indent=6 block=34cdbe27
      "technical alignment that Greg wants us to have and capabilities to"
[382] indent=6 block=34cdbe27
      "build towards. So Greg, Some other ones are Um, a general program "
[383] indent=6 block=34cdbe27
      "or technical alignment that Greg wants us to have and capabilities"
[384] indent=6 block=34cdbe27
      "to build towards. So Greg put out, Greg Bellingham put out some of"
[385] indent=6 block=34cdbe27
      "those requirements and tenants that he wants the agent platform to"
[386] indent=6 block=34cdbe27
      "build into and build with in mind. He's very focused on it being "
[387] indent=6 block=34cdbe27
      "external first, I think is the phrase, like externally facing "
[388] indent=6 block=34cdbe27
      "first."
[389] indent=0 block=-
[390] indent=6 block=34cdbe27
      "And so any capabilities that we have should be, accessible and "
[391] indent=6 block=34cdbe27
      "available to external users. The ability to use EQAI, of course, "
[392] indent=6 block=34cdbe27
      "and any of its tools to external users, ability to add contacts, "
[393] indent=6 block=34cdbe27
      "ability to build applications, things like that. So I put in some "
[394] indent=6 block=34cdbe27
      "of those requirements. I think those are... Not. And There's "
[395] indent=6 block=34cdbe27
      "nothing that I've read or heard that indicates to me that that's "
[396] indent=6 block=34cdbe27
      "based on customer requests and more based on general billing "
[397] indent=6 block=34cdbe27
      "tenants and patterns that he wants to hold."
[398] indent=0 block=-
[399] indent=6 block=34cdbe27
      "Uh,It."
[400] indent=0 block=-
[401] indent=6 block=34cdbe27
      "Did he put those down anywhere or is it just..."
[402] indent=0 block=-
[403] indent=6 block=34cdbe27
      "He put them down in either a dock that... I lost or lost access "
[404] indent=6 block=34cdbe27
      "to, or one that I never had access to. I'm kind of forgetting, but"
[405] indent=6 block=34cdbe27
      "I got them. Where I pick up, where I reference those requirements "
[406] indent=6 block=34cdbe27
      "is Josh was telling me about them and then slashed them to me And "
[407] indent=6 block=34cdbe27
      "then I have a saved Slack message from Josh of Greg's requirements"
[408] indent=6 block=34cdbe27
      "and tenants. Okay, so there's no way I can get access to that."
[409] indent=0 block=-
[410] indent=6 block=34cdbe27
      "Okay, so there's no way I can get access to that."
[411] indent=0 block=-
[412] indent=6 block=34cdbe27
      "No, there is. I'll just Slack it to you and then we'll have it. "
[413] indent=6 block=34cdbe27
      "It's easy. That's how these things operate really well. Here we "
[414] indent=6 block=34cdbe27
      "go. Message from Josh Berminger. On April 3rd. you Because I've "
[415] indent=6 block=34cdbe27
      "also searched this and I'm like, did I lose access to this doc or "
[416] indent=6 block=34cdbe27
      "did I never have it? Come on, you guys. Um."
[417] indent=0 block=-
[418] indent=6 block=34cdbe27
      "Okay."
[419] indent=0 block=-
[420] indent=6 block=34cdbe27
      "These also I think would be good. I just got off the phone with "
[421] indent=6 block=34cdbe27
      "Greg. this morning doing a little bit of the, well, here's the "
[422] indent=6 block=34cdbe27
      "cycle eight review and here's what we're planning on prioritizing "
[423] indent=6 block=34cdbe27
      "in cycle nine. And he mentioned you guys have like a beefy session"
[424] indent=6 block=34cdbe27
      "on Monday together going through. You guys have like a four hour "
[425] indent=6 block=34cdbe27
      "session together, you three, to go over?"
[426] indent=0 block=-
[427] indent=6 block=34cdbe27
      "Wait, let me check it."
[428] indent=0 block=-
[429] indent=6 block=34cdbe27
      "I think both are interesting and useful. I don't know if that "
[430] indent=6 block=34cdbe27
      "would be something that we could do through or within OPIC and "
[431] indent=6 block=34cdbe27
      "then... have those two use cases a little closer together. It's "
[432] indent=6 block=34cdbe27
      "probably not an epic thing."
[433] indent=0 block=-
[434] indent=6 block=34cdbe27
      "Um, Just random thought, I guess. I wonder if there's a... Like, "
[435] indent=6 block=34cdbe27
      "adding a tool to the same MCP server to report So like we could..."
[436] indent=6 block=34cdbe27
      "I think it might be possible. You might have to add a skill to go "
[437] indent=6 block=34cdbe27
      "with the MCP server or something, but like basically telling the "
[438] indent=6 block=34cdbe27
      "agents that when you do When you use this tool, you should give "
[439] indent=6 block=34cdbe27
      "feedback or something or like allowing people to or encouraging "
[440] indent=6 block=34cdbe27
      "people to like tell the agent to give feedback on the the "
[441] indent=6 block=34cdbe27
      "context-layer interactions, something like that. Does that make "
[442] indent=6 block=34cdbe27
      "sense?"
[443] indent=0 block=-
[444] indent=6 block=34cdbe27
      "What kind of feedback?"
[445] indent=0 block=-
[446] indent=6 block=34cdbe27
      "I don't know. We'll have to get back to you, Juan."
[447] indent=0 block=-
[448] indent=6 block=34cdbe27
      "I don't think I knew that I wanted feedback. So just now. Thank "
[449] indent=6 block=34cdbe27
      "you. Um."
[450] indent=0 block=-
[451] indent=6 block=34cdbe27
      "I'm sure we could do like a slash."
[452] indent=0 block=-
[453] indent=6 block=34cdbe27
      "context layer thumbs up or something or Oh, there's general user "
[454] indent=6 block=34cdbe27
      "feedback I'm interested in. Yeah, how does this answer thumbs up, "
[455] indent=6 block=34cdbe27
      "thumbs down, like optional free text?"
[456] indent=0 block=-
[457] indent=6 block=34cdbe27
      "But I think that's familiar."
[458] indent=0 block=-
[459] indent=6 block=34cdbe27
      "We have that in the portal chat, right? The thumbs up and down "
[460] indent=6 block=34cdbe27
      "button. Where does that go to? OPEC?"
[461] indent=0 block=-
[462] indent=6 block=34cdbe27
      "I haveKearney's going to Brain Trust. I have my PRs, that's why I "
[463] indent=6 block=34cdbe27
      "redirected to OPIC."
[464] indent=0 block=-
[465] indent=6 block=34cdbe27
      "Oh, okay, okay, cool. And then that's like, Thumbs up and down "
[466] indent=6 block=34cdbe27
      "button lets you. put in free form feedback or it's just thumbs up "
[467] indent=6 block=34cdbe27
      "and down?"
[468] indent=0 block=-
[469] indent=6 block=34cdbe27
      "It pops a modal dialogue instead. Let's type in whatever we want."
[470] indent=0 block=-
[471] indent=6 block=34cdbe27
      "Okay. I haven't used it yet. Okay."
[472] indent=0 block=-
[473] indent=6 block=34cdbe27
      "Nobody does. The feedback that we've collected is me testing to "
[474] indent=6 block=34cdbe27
      "make sure that the..."
[475] indent=0 block=-
[476] indent=6 block=34cdbe27
      "Testing, testing. Um That brings up another good question. Would "
[477] indent=6 block=34cdbe27
      "it be a goal for Sprint9 to deprecate brain trust? I don't think "
[478] indent=6 block=34cdbe27
      "so."
[479] indent=0 block=-
[480] indent=6 block=34cdbe27
      "I just feel like, um... Yes, the path to deprecating brain trust "
[481] indent=6 block=34cdbe27
      "is like we get opaque in every environment. And we make sure that "
[482] indent=6 block=34cdbe27
      "there isn't All right. Well, okay. One. option we have is that we "
[483] indent=6 block=34cdbe27
      "could ship the beta with both OPEC and brain trust capabilities so"
[484] indent=6 block=34cdbe27
      "that if anything goes wrong with OPEC, that we have brain trust or"
[485] indent=6 block=34cdbe27
      "LankSmith as our backup. I guess we could shut down Braintrust and"
[486] indent=6 block=34cdbe27
      "let Langsmith be our backup for a little while."
[487] indent=0 block=-
[488] indent=6 block=34cdbe27
      "Excellent. Basically, I'm just saying that it might be nice to "
[489] indent=6 block=34cdbe27
      "make sure that for beta we have a second channel. Makes sense."
[490] indent=0 block=-
[491] indent=6 block=34cdbe27
      "I'll let you guys make that call, but it seems like Lang Smith "
[492] indent=6 block=34cdbe27
      "makes sense. Are we also still kind of chained to it? Didn't you "
[493] indent=6 block=34cdbe27
      "guys or someone say Ryan still occasionally pulls it up in demos? "
[494] indent=6 block=34cdbe27
      "Is that why we still have that hanging on?"
[495] indent=0 block=-
[496] indent=6 block=34cdbe27
      "Yeah, and I gave... him a brain trust trace Because he was doing "
[497] indent=6 block=34cdbe27
      "some demo to NVIDIA and we couldn't find a good... a good trace in"
[498] indent=6 block=34cdbe27
      "Langsmith, but we had some pretty fancy looking traces in "
[499] indent=6 block=34cdbe27
      "Braintrust, so I just gave him a link to that. Um, So yeah, maybe "
[500] indent=6 block=34cdbe27
      "we should ask him about what he's actually using."
[501] indent=0 block=-
[502] indent=6 block=34cdbe27
      "Yeah, I will. And, um, Try to get him on Opik. Make some fancy "
[503] indent=6 block=34cdbe27
      "stuff."
[504] indent=0 block=-
[505] indent=6 block=34cdbe27
      "you Okay Yeah, so I guess just on the brain trust deprecation, I "
[506] indent=6 block=34cdbe27
      "guess we could make the plan that we can deprecate brain trust "
[507] indent=6 block=34cdbe27
      "once we have OPEC in every environment. And then we can maybe let "
[508] indent=6 block=34cdbe27
      "LangSmith be our backup for beta. Sure."
[509] indent=0 block=-
[510] indent=6 block=34cdbe27
      "Um, Do you think it'd be within cycle nine to... How long do you "
[511] indent=6 block=34cdbe27
      "think we have to be running with OPEC to then have confidence to "
[512] indent=6 block=34cdbe27
      "deploy it to more environments."
[513] indent=0 block=-
[514] indent=6 block=34cdbe27
      "Um. It's like just, you know, when you feel it, that's that's "
[515] indent=6 block=34cdbe27
      "fine, too."
[516] indent=0 block=-
[517] indent=6 block=34cdbe27
      "I mean, I really don't want to operate that way, but I don't have "
[518] indent=6 block=34cdbe27
      "a good metric right now. And the thing that... I'd love to get "
[519] indent=6 block=34cdbe27
      "more usage on chat in general, just to like, Yeah. Yeah. Um... "
[520] indent=6 block=34cdbe27
      "Yeah, let me think about it. Maybe like cycle 10 or 11, maybe you "
[521] indent=6 block=34cdbe27
      "could."
[522] indent=0 block=-
[523] indent=6 block=34cdbe27
      "Yeah, I feel like that's a good North Star for us too in this next"
[524] indent=6 block=34cdbe27
      "month is just like getting more chat usage. Not because it drives "
[525] indent=6 block=34cdbe27
      "revenue, it actually just costs us more money, but like it helps "
[526] indent=6 block=34cdbe27
      "us validate or invalidate anything else that we're doing. And so, "
[527] indent=6 block=34cdbe27
      "yeah. Just going back to repeat what I was saying, increasing that"
[528] indent=6 block=34cdbe27
      "surface area of access, MCP server available through cursor and "
[529] indent=6 block=34cdbe27
      "quad, using tools, adding more context."
[530] indent=0 block=-
[531] indent=6 block=34cdbe27
      "Anything else that we think of to increase chat usage? Let's do "
[532] indent=6 block=34cdbe27
      "it."
[533] indent=0 block=-
[534] indent=6 block=34cdbe27
      "In a bit of a roundabout way, I think we covered everything I "
[535] indent=6 block=34cdbe27
      "wanted to cover of standard updates and goals for Cycle 9 starting"
[536] indent=6 block=34cdbe27
      "next Thursday, those being operationalizing OPEC and increasing "
[537] indent=6 block=34cdbe27
      "usage through the MCP server and more insertions to the context "
[538] indent=6 block=34cdbe27
      "layer. Any other questions or anything else we should discuss?"
[539] indent=0 block=-
[540] indent=6 block=34cdbe27
      "I'm going to... try and put together like a a starting document, "
[541] indent=6 block=34cdbe27
      "Not supposed to be final or comprehensive, but on the... what we "
[542] indent=6 block=34cdbe27
      "need to do to be confident in our ability to support chat in MVP. "
[543] indent=6 block=34cdbe27
      "Because I think we haven't of the several agentic platform "
[544] indent=6 block=34cdbe27
      "priorities and capabilities, roadmaps that we have, they're all "
[545] indent=6 block=34cdbe27
      "fairly kind of Chat should work well is basically what they're "
[546] indent=6 block=34cdbe27
      "kind of saying. We haven't redefined what it means to kind of get "
[547] indent=6 block=34cdbe27
      "there."
[548] indent=0 block=-
[549] indent=6 block=34cdbe27
      "I guess, okay, so like, for that, like, I was looking at the "
[550] indent=6 block=34cdbe27
      "bullet points that Kevin put under Agent Agilent platform "
[551] indent=6 block=34cdbe27
      "deliverables. Um, And it had covered like evals latency Quality "
[552] indent=6 block=34cdbe27
      "stuff. So like. Are you thinking about stuff beyond that?"
[553] indent=0 block=-
[554] indent=6 block=34cdbe27
      "Well, that's basically Kevin paraphrasing what I've said to him, I"
[555] indent=6 block=34cdbe27
      "think."
[556] indent=0 block=-
[557] indent=6 block=34cdbe27
      "Okay, so you're saying you just want to write it out in more "
[558] indent=6 block=34cdbe27
      "detail."
[559] indent=0 block=-
[560] indent=6 block=34cdbe27
      "Yeah, and I think there's a certain amount of... Um, We don't need"
[561] indent=6 block=34cdbe27
      "everything by beta, but we should have a kind of a... be "
[562] indent=6 block=34cdbe27
      "thoughtful about what would be actually useful for us to have at "
[563] indent=6 block=34cdbe27
      "beta. So I would like us to measure quality before beta and have a"
[564] indent=6 block=34cdbe27
      "theory about what the metrics are going to be and then see what it"
[565] indent=6 block=34cdbe27
      "actually is when a real user hits it and just see how different "
[566] indent=6 block=34cdbe27
      "those are. Um..."
[567] indent=0 block=-
[568] indent=6 block=34cdbe27
      "Yeah, that sort of thing. And like... Again, because I think it's "
[569] indent=6 block=34cdbe27
      "just Kevin paraphrasing what we've said to him. It's really just "
[570] indent=6 block=34cdbe27
      "for us to define what's useful for us."
[571] indent=0 block=-
[572] indent=6 block=34cdbe27
      "I see. OK. Okay. 'Cause I know we were gonna like do that and I "
[573] indent=6 block=34cdbe27
      "saw these bullet points and I was like, that's pretty reasonable. "
[574] indent=6 block=34cdbe27
      "And I think we could create tickets out of, Peace. But..."
[575] indent=0 block=-
[576] indent=6 block=34cdbe27
      "um There's some stuff like that's just a little bit more like "
[577] indent=6 block=34cdbe27
      "concrete and specific like By the time we get to MVP, we should "
[578] indent=6 block=34cdbe27
      "have a pretty established-or we should have a plan for our "
[579] indent=6 block=34cdbe27
      "on-call. That looked like what wouldn't What doesn't incidents "
[580] indent=6 block=34cdbe27
      "look like for chess you know and um yeah yeah because he did put "
[581] indent=6 block=34cdbe27
      "stuff like um Oh."
[582] indent=0 block=-
[583] indent=6 block=34cdbe27
      "I guess it says there's no SLA. by MVP, but by GA. Okay. But I see"
[584] indent=6 block=34cdbe27
      "your point. Yeah. Yeah."
[585] indent=0 block=-
[586] indent=6 block=34cdbe27
      "Like I said, just gonna make it like a starting point that we can "
[587] indent=6 block=34cdbe27
      "all kind of like, Right in tune. Ball rolling. Okay."
[588] indent=0 block=-
[589] indent=6 block=34cdbe27
      "That'd be great. Thanks, Kian."
[590] indent=0 block=-
[591] indent=6 block=34cdbe27
      "Once we unify the chat agents, like you know how Ham has their own"
[592] indent=6 block=34cdbe27
      "side of the agent and then we have our side and then I'm like "
[593] indent=6 block=34cdbe27
      "improving on the one our side and stuff to Unify like once you "
[594] indent=6 block=34cdbe27
      "Unify do you think like is there an ownership thing where do we "
[595] indent=6 block=34cdbe27
      "still continue owning it or do they own it? Like what's our model "
[596] indent=6 block=34cdbe27
      "here? Like do... the EQ Trading Assistant Agent, like, Or do all "
[597] indent=6 block=34cdbe27
      "agents, do all the other teams build agents and we go into support"
[598] indent=6 block=34cdbe27
      "mode?"
[599] indent=0 block=-
[600] indent=6 block=34cdbe27
      "Or for this specific agent, we continue owning it?"
[601] indent=0 block=-
[602] indent=6 block=34cdbe27
      "What do you think?"
[603] indent=0 block=-
[604] indent=6 block=34cdbe27
      "I don't know if that's to both of us or one of us or the other, "
[605] indent=6 block=34cdbe27
      "but... I was talking about the same thing with Josh. Mm-hmm. And "
[606] indent=6 block=34cdbe27
      "he asked me to write up a doc about it and bring it back to him "
[607] indent=6 block=34cdbe27
      "and Lauren. And so there's another doc coming."
[608] indent=0 block=-
[609] indent=6 block=34cdbe27
      "Yeah."
[610] indent=0 block=-
[611] indent=6 block=34cdbe27
      "Get excited for that one. I'm going to propose though that we own "
[612] indent=6 block=34cdbe27
      "it and I want to have it like there's different carve outs of this"
[613] indent=6 block=34cdbe27
      "kind of master app that we have of mission control that we have. "
[614] indent=6 block=34cdbe27
      "we're going to have to just be better, I think, as a company, as a"
[615] indent=6 block=34cdbe27
      "product team specifically about the subset product ownership of "
[616] indent=6 block=34cdbe27
      "different features or components that show up in the whole product"
[617] indent=6 block=34cdbe27
      "are owned by different teams because I think we've tried for a "
[618] indent=6 block=34cdbe27
      "long time of like, oh, we are a platform, our team's like the "
[619] indent=6 block=34cdbe27
      "agent platform, but like this kind of platform, we build the "
[620] indent=6 block=34cdbe27
      "building blocks, but then someone else uses them and talks to the "
[621] indent=6 block=34cdbe27
      "customer."
[622] indent=0 block=-
[623] indent=6 block=34cdbe27
      "We don't really talk to the customer. It just always has felt so "
[624] indent=6 block=34cdbe27
      "disconnected to me as like a PM and like as a team and just kind "
[625] indent=6 block=34cdbe27
      "of hard to operate. And so, um, yeah. So Thank you. Kevin or "
[626] indent=6 block=34cdbe27
      "Lauren owns like this page of mission control in which there is an"
[627] indent=6 block=34cdbe27
      "AI chat and they take a market context summary or something. And "
[628] indent=6 block=34cdbe27
      "then we own those subset features of it. If they find that the "
[629] indent=6 block=34cdbe27
      "users of this mission control V2 or whatever don't want that, then"
[630] indent=6 block=34cdbe27
      "they let us know."
[631] indent=0 block=-
[632] indent=6 block=34cdbe27
      "We like rescind those features and instead they show up in the map"
[633] indent=6 block=34cdbe27
      "or somewhere else. Yeah. Okay. We're against. And the more "
[634] indent=6 block=34cdbe27
      "confusing that we are, more of a platform provider of guidelines "
[635] indent=6 block=34cdbe27
      "and maybe components is when we talk about internal agent "
[636] indent=6 block=34cdbe27
      "building. At some point, it seems unsustainable. And he and I were"
[637] indent=6 block=34cdbe27
      "talking about this a little bit yesterday and I was talking with "
[638] indent=6 block=34cdbe27
      "Sean about it this morning where I think there is a lot of "
[639] indent=6 block=34cdbe27
      "grassroots building and to then say that Any agent has to go "
[640] indent=6 block=34cdbe27
      "through, it has to be built by us three. No one else?"
[641] indent=0 block=-
[642] indent=6 block=34cdbe27
      "feels just counterproductive and feels like setting ourselves up "
[643] indent=6 block=34cdbe27
      "for failure. And so then what do we do in terms of guidance or "
[644] indent=6 block=34cdbe27
      "requirements or gating or building blocks or anything, to help "
[645] indent=6 block=34cdbe27
      "people or to prevent people or to guide people in building Erica "
[646] indent=6 block=34cdbe27
      "or Buttercup or whatever these other internal agents that are "
[647] indent=6 block=34cdbe27
      "propping up are."
[648] indent=0 block=-
[649] indent=6 block=34cdbe27
      "Yeah, we should be like having helping them. build it the right "
[650] indent=6 block=34cdbe27
      "way but not stop in the building at all."
[651] indent=0 block=-
[652] indent=6 block=34cdbe27
      "Yeah, I feel like the bar is lower if those agents weren't going "
[653] indent=6 block=34cdbe27
      "to get into production for customs. That's my thought. Yeah."
[654] indent=0 block=-
[655] indent=6 block=34cdbe27
      "I guess I'm totally okay owning the market data agent or "
[656] indent=6 block=34cdbe27
      "continuing supporting it or whatever. But yeah, it just seemed "
[657] indent=6 block=34cdbe27
      "to... maybe be a little go against like the vision that Greg "
[658] indent=6 block=34cdbe27
      "together where it's like every team has their own agents and we "
[659] indent=6 block=34cdbe27
      "only orchestrate between them. I feel like that was the read I "
[660] indent=6 block=34cdbe27
      "had. And I was like, well, I don't know if you want to do that. "
[661] indent=6 block=34cdbe27
      "But yeah. Okay. I mean, I, I agree with you. I'm happy owning like"
[662] indent=6 block=34cdbe27
      "one production agent we have for some time being. And Danny also "
[663] indent=6 block=34cdbe27
      "asked me that he would like, like, like to help."
[664] indent=0 block=-
[665] indent=6 block=34cdbe27
      "So, yeah, I think so. And it might change over time. I think this "
[666] indent=6 block=34cdbe27
      "is a little bit new because... of just what we're coming out of, "
[667] indent=6 block=34cdbe27
      "of the helm and how it Yeah. Do you kind of feel like it was that "
[668] indent=6 block=34cdbe27
      "Helm was owning it? And, um, That's my take. I'll put up a doc and"
[669] indent=6 block=34cdbe27
      "we'll see what you all say. Check."
[670] indent=0 block=-
[671] indent=6 block=34cdbe27
      "Another dog."
[672] indent=0 block=-
[673] indent=6 block=34cdbe27
      "That's a masterful, like, I don't have an answer, so go away and "
[674] indent=6 block=34cdbe27
      "think about it."
[675] indent=0 block=-
[676] indent=6 block=34cdbe27
      "-And then this talk would be a bunch of words to say."
[677] indent=0 block=-
[678] indent=6 block=34cdbe27
      "I'm also not really sure. I don't know."
[679] indent=0 block=-
[680] indent=6 block=34cdbe27
      "Look at these other dogs. Yeah. Yeah. Roadmap v6 underscore latest"
[681] indent=6 block=34cdbe27
      "underscore updated. underscore use this one. All right. Good "
[682] indent=6 block=34cdbe27
      "stuff. Thanks. I'll talk to you guys later today. Thank you."
