lines=633 outline=9 anchors=160
=== OUTLINE ===
  L0 h1 "# 📓 Winning DART Meeting Notes"
  L8 h2 "## 2026-06-09 "
  L31 h2 "## 2026-06-02 "
  L57 h2 "## 2026-05-26 "
  L79 h2 "## 2026-05-19 "
  L93 h2 "## 2026-05-12 "
  L115 h2 "## 2026-05-07 - NRG product prioritization"
  L614 h2 "## 2026-05-05 "
  L624 h2 "## 2026-04-28 "
=== LINES ===
[000] indent=0 block=353dbe27 H1
      "# " {b fg=#337ea9}
      "📓 "
      "Winning DART Meeting Notes" {b fg=#337ea9}
[001] indent=0 block=-
[002] indent=0 block=353dbe27
      "Document Type: " {b fg=#9b9a97}
      "Meeting Notes"
[003] indent=0 block=353dbe27
      "Status: " {b fg=#9b9a97}
      "In progress"
[004] indent=0 block=353dbe27
      "────────────────────────────────────────────────────────────────────────" {fg=#9b9a97}
[005] indent=0 block=-
[006] indent=0 block=353dbe27
      "[unsupported block]" {i fg=#9b9a97}
[007] indent=0 block=-
[008] indent=2 block=37adbe27 H2
      "## " {b fg=#337ea9}
      "2026-06-09 " {b fg=#337ea9}
[009] indent=6 block=37adbe27
      "◦ "
      "Gemini Notes - "
[010] indent=6 block=37adbe27
      "  "
      "https://docs.google.com/document/d/1JF7Up2fEl0fJEMB91dm8v46G4TIJ" {href=https://docs.google.com/document/d/1JF7Up2fEl0fJEMB91dm8v46G4TIJdlIXSTdCNfhWYyE/edit?tab=t.nyqt7xbdf5m2}
[011] indent=6 block=37adbe27
      "  "
      "dlIXSTdCNfhWYyE/edit?tab=t.nyqt7xbdf5m2" {href=https://docs.google.com/document/d/1JF7Up2fEl0fJEMB91dm8v46G4TIJdlIXSTdCNfhWYyE/edit?tab=t.nyqt7xbdf5m2}
[012] indent=6 block=37adbe27
      "◦ "
      "Gemini Recording - "
[013] indent=6 block=37adbe27
      "  "
      "https://drive.google.com/file/d/126teXzVrp15XjNSou1veVrUhkQcbXb_" {href=https://drive.google.com/file/d/126teXzVrp15XjNSou1veVrUhkQcbXb_U/view}
[014] indent=6 block=37adbe27
      "  "
      "U/view" {href=https://drive.google.com/file/d/126teXzVrp15XjNSou1veVrUhkQcbXb_U/view}
[015] indent=6 block=37adbe27
      "◦ "
      "Winning DART & Friends Projects - "
[016] indent=6 block=37adbe27
      "  "
      "https://linear.app/equilibrium-energy/view/winning-dart-and-frie" {href=https://linear.app/equilibrium-energy/view/winning-dart-and-friends-projects-1cdbddafbb88}
[017] indent=6 block=37adbe27
      "  "
      "nds-projects-1cdbddafbb88" {href=https://linear.app/equilibrium-energy/view/winning-dart-and-friends-projects-1cdbddafbb88}
[018] indent=6 block=37adbe27
      "◦ "
      "Winning DART Projects - "
[019] indent=6 block=37adbe27
      "  "
      "https://linear.app/equilibrium-energy/view/winning-dart-projects" {href=https://linear.app/equilibrium-energy/view/winning-dart-projects-34eade228d76}
[020] indent=6 block=37adbe27
      "  "
      "-34eade228d76" {href=https://linear.app/equilibrium-energy/view/winning-dart-projects-34eade228d76}
[021] indent=6 block=37adbe27
      "◦ "
      "& Friends Projects - "
[022] indent=6 block=37adbe27
      "  "
      "https://linear.app/equilibrium-energy/team/DEL/projects/view/pro" {href=https://linear.app/equilibrium-energy/team/DEL/projects/view/projects-minus-winning-dart-a92af61791e3}
[023] indent=6 block=37adbe27
      "  "
      "jects-minus-winning-dart-a92af61791e3" {href=https://linear.app/equilibrium-energy/team/DEL/projects/view/projects-minus-winning-dart-a92af61791e3}
[024] indent=6 block=37adbe27
      "◦ "
      "Parking Lot / Deep Dive"
[025] indent=8 block=37adbe27
      "▪ "
      "Ideas for next steps for NRG - maybe take offline for Josh and"
[026] indent=8 block=37adbe27
      "  "
      "Ljube"
[027] indent=8 block=37adbe27
      "▪ "
      "Scenarios meeting exists tomorrow for the first time - weekly "
[028] indent=8 block=37adbe27
      "  "
      "- Raphael to lead"
[029] indent=10 block=37adbe27
      "• "
      "#topic-scenarios"
[030] indent=0 block=-
[031] indent=2 block=373dbe27 H2
      "## " {b fg=#337ea9}
      "2026-06-02 " {b fg=#337ea9}
[032] indent=6 block=373dbe27
      "◦ "
      "Gemini Notes - "
[033] indent=6 block=373dbe27
      "  "
      "https://docs.google.com/document/d/1JdE6sgSq6hY4TCZ4dPql9nlTMJSS" {href=https://docs.google.com/document/d/1JdE6sgSq6hY4TCZ4dPql9nlTMJSSgur7oEr3mE0tO_w/edit?tab=t.za3qgi2ecelt}
[034] indent=6 block=373dbe27
      "  "
      "gur7oEr3mE0tO_w/edit?tab=t.za3qgi2ecelt" {href=https://docs.google.com/document/d/1JdE6sgSq6hY4TCZ4dPql9nlTMJSSgur7oEr3mE0tO_w/edit?tab=t.za3qgi2ecelt}
[035] indent=6 block=373dbe27
      "◦ "
      "Winning DART & Friends Projects - "
[036] indent=6 block=373dbe27
      "  "
      "https://linear.app/equilibrium-energy/view/winning-dart-and-frie" {href=https://linear.app/equilibrium-energy/view/winning-dart-and-friends-projects-1cdbddafbb88}
[037] indent=6 block=373dbe27
      "  "
      "nds-projects-1cdbddafbb88" {href=https://linear.app/equilibrium-energy/view/winning-dart-and-friends-projects-1cdbddafbb88}
[038] indent=6 block=373dbe27
      "◦ "
      "Winning DART Projects - "
[039] indent=6 block=373dbe27
      "  "
      "https://linear.app/equilibrium-energy/view/winning-dart-projects" {href=https://linear.app/equilibrium-energy/view/winning-dart-projects-34eade228d76}
[040] indent=6 block=373dbe27
      "  "
      "-34eade228d76" {href=https://linear.app/equilibrium-energy/view/winning-dart-projects-34eade228d76}
[041] indent=6 block=373dbe27
      "◦ "
      "& Friends Projects - "
[042] indent=6 block=373dbe27
      "  "
      "https://linear.app/equilibrium-energy/team/DEL/projects/view/pro" {href=https://linear.app/equilibrium-energy/team/DEL/projects/view/projects-minus-winning-dart-a92af61791e3}
[043] indent=6 block=373dbe27
      "  "
      "jects-minus-winning-dart-a92af61791e3" {href=https://linear.app/equilibrium-energy/team/DEL/projects/view/projects-minus-winning-dart-a92af61791e3}
[044] indent=6 block=373dbe27
      "◦ "
      "Parking Lot / Deep Dive"
[045] indent=8 block=373dbe27
      "▪ "
      "Parallel tracking & awards of multiple strategies"
[046] indent=10 block=373dbe27
      "• "
      "Want to be able to track all of the strategies that we have "
[047] indent=10 block=373dbe27
      "  "
      "deployed, not just the one that was submitted"
[048] indent=12 block=373dbe27
      "◦ "
      "Architecture ticket to think about this - conversation "
[049] indent=12 block=373dbe27
      "  "
      "next week and then figure it out"
[050] indent=12 block=373dbe27
      "◦ "
      "Track pnl on strategies, actual awarded, maximally useful"
[051] indent=12 block=373dbe27
      "◦ "
      "Somewhat related, but not really with "
[052] indent=12 block=373dbe27
      "  "
      "https://linear.app/equilibrium-energy/project/snapshot-ord" {href=https://linear.app/equilibrium-energy/project/snapshot-order-selection-decisions-58b248945fec/overview}
[053] indent=12 block=373dbe27
      "  "
      "er-selection-decisions-58b248945fec/overview" {href=https://linear.app/equilibrium-energy/project/snapshot-order-selection-decisions-58b248945fec/overview}
      " and "
[054] indent=12 block=373dbe27
      "  "
      "https://linear.app/equilibrium-energy/project/eq-strategy-" {href=https://linear.app/equilibrium-energy/project/eq-strategy-composite-order-generation-d8565c5daa1a/overview}
[055] indent=12 block=373dbe27
      "  "
      "composite-order-generation-d8565c5daa1a/overview" {href=https://linear.app/equilibrium-energy/project/eq-strategy-composite-order-generation-d8565c5daa1a/overview}
[056] indent=0 block=-
[057] indent=2 block=36cdbe27 H2
      "## " {b fg=#337ea9}
      "2026-05-26 " {b fg=#337ea9}
[058] indent=6 block=36cdbe27
      "◦ "
      "Gemini Notes - "
[059] indent=6 block=36cdbe27
      "  "
      "https://docs.google.com/document/d/14rPXWD8D66cyhCEfxKDu_p8jV8VK" {href=https://docs.google.com/document/d/14rPXWD8D66cyhCEfxKDu_p8jV8VK57CKH9ZM-_LSk_g/edit?usp=sharing}
[060] indent=6 block=36cdbe27
      "  "
      "57CKH9ZM-_LSk_g/edit?usp=sharing" {href=https://docs.google.com/document/d/14rPXWD8D66cyhCEfxKDu_p8jV8VK57CKH9ZM-_LSk_g/edit?usp=sharing}
[061] indent=6 block=36cdbe27
      "◦ "
      "Winning DART & Friends Projects - "
[062] indent=6 block=36cdbe27
      "  "
      "https://linear.app/equilibrium-energy/view/winning-dart-and-frie" {href=https://linear.app/equilibrium-energy/view/winning-dart-and-friends-projects-1cdbddafbb88}
[063] indent=6 block=36cdbe27
      "  "
      "nds-projects-1cdbddafbb88" {href=https://linear.app/equilibrium-energy/view/winning-dart-and-friends-projects-1cdbddafbb88}
[064] indent=6 block=36cdbe27
      "◦ "
      "Winning DART Projects - "
[065] indent=6 block=36cdbe27
      "  "
      "https://linear.app/equilibrium-energy/view/winning-dart-projects" {href=https://linear.app/equilibrium-energy/view/winning-dart-projects-34eade228d76}
[066] indent=6 block=36cdbe27
      "  "
      "-34eade228d76" {href=https://linear.app/equilibrium-energy/view/winning-dart-projects-34eade228d76}
[067] indent=6 block=36cdbe27
      "◦ "
      "& Friends Projects - "
[068] indent=6 block=36cdbe27
      "  "
      "https://linear.app/equilibrium-energy/team/DEL/projects/view/pro" {href=https://linear.app/equilibrium-energy/team/DEL/projects/view/projects-minus-winning-dart-a92af61791e3}
[069] indent=6 block=36cdbe27
      "  "
      "jects-minus-winning-dart-a92af61791e3" {href=https://linear.app/equilibrium-energy/team/DEL/projects/view/projects-minus-winning-dart-a92af61791e3}
[070] indent=6 block=36cdbe27
      "◦ "
      "Parking Lot / Deep Dive"
[071] indent=8 block=36cdbe27
      "▪ "
      "Submission to market (Zoltán wants to delete things)"
[072] indent=10 block=36cdbe27
      "• "
      "Trading ourselves - We want to keep the option open, but we "
[073] indent=10 block=36cdbe27
      "  "
      "do not have any immediate plans to trade on our own behalf"
[074] indent=10 block=36cdbe27
      "• "
      "We could possibly delete, but we may need to bring it back "
[075] indent=10 block=36cdbe27
      "  "
      "fast, we just don’t know"
[076] indent=10 block=36cdbe27
      "• "
      "Decision = Zoltán is going to keep it around for a few "
[077] indent=10 block=36cdbe27
      "  "
      "months and then revisit to see how rotten it is"
[078] indent=0 block=-
[079] indent=2 block=365dbe27 H2
      "## " {b fg=#337ea9}
      "2026-05-19 " {b fg=#337ea9}
[080] indent=6 block=365dbe27
      "◦ "
      "Gemini Notes - "
[081] indent=6 block=365dbe27
      "  "
      "https://docs.google.com/document/d/1T0qzeeIRL79d_g5NwQTCj13V4YdQ" {href=https://docs.google.com/document/d/1T0qzeeIRL79d_g5NwQTCj13V4YdQF5U69lnt81Ywcqk/edit?usp=sharing}
[082] indent=6 block=365dbe27
      "  "
      "F5U69lnt81Ywcqk/edit?usp=sharing" {href=https://docs.google.com/document/d/1T0qzeeIRL79d_g5NwQTCj13V4YdQF5U69lnt81Ywcqk/edit?usp=sharing}
[083] indent=6 block=365dbe27
      "◦ "
      "Winning DART & Friends Projects - "
[084] indent=6 block=365dbe27
      "  "
      "https://linear.app/equilibrium-energy/view/winning-dart-and-frie" {href=https://linear.app/equilibrium-energy/view/winning-dart-and-friends-projects-1cdbddafbb88}
[085] indent=6 block=365dbe27
      "  "
      "nds-projects-1cdbddafbb88" {href=https://linear.app/equilibrium-energy/view/winning-dart-and-friends-projects-1cdbddafbb88}
[086] indent=6 block=365dbe27
      "◦ "
      "Winning DART Projects - "
[087] indent=6 block=365dbe27
      "  "
      "https://linear.app/equilibrium-energy/view/winning-dart-projects" {href=https://linear.app/equilibrium-energy/view/winning-dart-projects-34eade228d76}
[088] indent=6 block=365dbe27
      "  "
      "-34eade228d76" {href=https://linear.app/equilibrium-energy/view/winning-dart-projects-34eade228d76}
[089] indent=6 block=365dbe27
      "◦ "
      "& Friends Projects - "
[090] indent=6 block=365dbe27
      "  "
      "https://linear.app/equilibrium-energy/team/DEL/projects/view/pro" {href=https://linear.app/equilibrium-energy/team/DEL/projects/view/projects-minus-winning-dart-a92af61791e3}
[091] indent=6 block=365dbe27
      "  "
      "jects-minus-winning-dart-a92af61791e3" {href=https://linear.app/equilibrium-energy/team/DEL/projects/view/projects-minus-winning-dart-a92af61791e3}
[092] indent=0 block=-
[093] indent=2 block=35edbe27 H2
      "## " {b fg=#337ea9}
      "2026-05-12 " {b fg=#337ea9}
[094] indent=6 block=35edbe27
      "◦ "
      "Gemini Notes - "
[095] indent=6 block=35edbe27
      "  "
      "https://docs.google.com/document/d/1lWfpfjDO4q0aIKubIEcolDFrAkLH" {href=https://docs.google.com/document/d/1lWfpfjDO4q0aIKubIEcolDFrAkLHwnqadCj1rxyvIW4/edit?tab=t.uoywsec1gxit}
[096] indent=6 block=35edbe27
      "  "
      "wnqadCj1rxyvIW4/edit?tab=t.uoywsec1gxit" {href=https://docs.google.com/document/d/1lWfpfjDO4q0aIKubIEcolDFrAkLHwnqadCj1rxyvIW4/edit?tab=t.uoywsec1gxit}
[097] indent=6 block=35edbe27
      "◦ "
      "Gemini recording - "
[098] indent=6 block=35edbe27
      "  "
      "https://drive.google.com/file/d/1ft-xd0KMVd48xPoE7bHII8evenpS5gU" {href=https://drive.google.com/file/d/1ft-xd0KMVd48xPoE7bHII8evenpS5gUQ/view}
[099] indent=6 block=35edbe27
      "  "
      "Q/view" {href=https://drive.google.com/file/d/1ft-xd0KMVd48xPoE7bHII8evenpS5gUQ/view}
[100] indent=6 block=35edbe27
      "◦ "
      "Coverage for Carolyn - "
      "Carolyn Coverage Command Center " {href=https://app.notion.com/p/34fdbe27599280d896e2e5d4da3791f5}
      " "
[101] indent=6 block=35edbe27
      "◦ "
      "Winning DART & Friends Projects - "
[102] indent=6 block=35edbe27
      "  "
      "https://linear.app/equilibrium-energy/view/winning-dart-and-frie" {href=https://linear.app/equilibrium-energy/view/winning-dart-and-friends-projects-1cdbddafbb88}
[103] indent=6 block=35edbe27
      "  "
      "nds-projects-1cdbddafbb88" {href=https://linear.app/equilibrium-energy/view/winning-dart-and-friends-projects-1cdbddafbb88}
[104] indent=6 block=35edbe27
      "◦ "
      "Winning DART Projects - "
[105] indent=6 block=35edbe27
      "  "
      "https://linear.app/equilibrium-energy/view/winning-dart-projects" {href=https://linear.app/equilibrium-energy/view/winning-dart-projects-34eade228d76}
[106] indent=6 block=35edbe27
      "  "
      "-34eade228d76" {href=https://linear.app/equilibrium-energy/view/winning-dart-projects-34eade228d76}
[107] indent=6 block=35edbe27
      "◦ "
      "& Friends Projects - "
[108] indent=6 block=35edbe27
      "  "
      "https://linear.app/equilibrium-energy/team/DEL/projects/view/pro" {href=https://linear.app/equilibrium-energy/team/DEL/projects/view/projects-minus-winning-dart-a92af61791e3}
[109] indent=6 block=35edbe27
      "  "
      "jects-minus-winning-dart-a92af61791e3" {href=https://linear.app/equilibrium-energy/team/DEL/projects/view/projects-minus-winning-dart-a92af61791e3}
[110] indent=6 block=35edbe27
      "◦ "
      "Deep Dive / Parking Lot"
[111] indent=8 block=35edbe27
      "▪ "
      "NRG gate closure"
[112] indent=8 block=35edbe27
      "▪ "
      "Awards data (thanks Andrew & co!) - Cristobal"
[113] indent=10 block=35edbe27
      "• "
      "Flowing that info into performance page - meeting tomorrow"
[114] indent=0 block=-
[115] indent=2 block=359dbe27 H2
      "## " {b fg=#337ea9}
      "2026-05-07 - NRG product prioritization" {b fg=#337ea9}
[116] indent=6 block=359dbe27
      "[unsupported block]" {i fg=#9b9a97}
[117] indent=8 block=359dbe27
[118] indent=10 block=359dbe27
[119] indent=0 block=-
[120] indent=8 block=359dbe27
[121] indent=10 block=359dbe27
      "Cool. Notion AI is transcribing this meeting. Okay."
[122] indent=0 block=-
[123] indent=10 block=359dbe27
      "So that's, oops. What just happened? What is going on? Oh my "
[124] indent=10 block=359dbe27
      "god. Okay."
[125] indent=0 block=-
[126] indent=10 block=359dbe27
      "Cool. I pulled up all of the projects in Linear and actually "
[127] indent=10 block=359dbe27
      "let's just like start with Spock just to like go over all of "
[128] indent=10 block=359dbe27
      "them um all of the in-flight work but that that is like sort "
[129] indent=10 block=359dbe27
      "of not winning dart i guess um i mean we we're considering "
[130] indent=10 block=359dbe27
      "spec trading winning dart but like it's not really um so i "
[131] indent=10 block=359dbe27
      "sent christobal the message in the spec trading slack let me "
[132] indent=10 block=359dbe27
      "make sure you're You're in there too. Okay, what you are."
[133] indent=0 block=-
[134] indent=10 block=359dbe27
      "It's not really much product work left, so I figured the "
[135] indent=10 block=359dbe27
      "handoff to Cristobal made more sense for this one "
[136] indent=10 block=359dbe27
      "specifically. It's just coordinating the NRG testing and "
[137] indent=10 block=359dbe27
      "release. And I feel like it's going to be a... Like I bet what"
[138] indent=10 block=359dbe27
      "will happen is it ends up being The third week of May, like I "
[139] indent=10 block=359dbe27
      "bought everything will be ready to go sometime the 18th plus. "
[140] indent=10 block=359dbe27
      "And I would push for no later, like closing this project out "
[141] indent=10 block=359dbe27
      "by the 29th. Um, cause that'll be sort of a month after we "
[142] indent=10 block=359dbe27
      "intended to do everything."
[143] indent=0 block=-
[144] indent=10 block=359dbe27
      "So yeah, this should all wrap up. Did you have any like "
[145] indent=10 block=359dbe27
      "questions or concerns with this one?"
[146] indent=0 block=-
[147] indent=10 block=359dbe27
      "My only thought on communication to NRG, well, just wanted to "
[148] indent=10 block=359dbe27
      "get your thoughts. Do you think... Like, do we want to show "
[149] indent=10 block=359dbe27
      "back tests and stuff? I guess my only concern is I was looking"
[150] indent=10 block=359dbe27
      "at the TSRB and the back tests. We do so much worse with this "
[151] indent=10 block=359dbe27
      "update."
[152] indent=0 block=-
[153] indent=10 block=359dbe27
      "I think that we phrase it more as a scale I think we should "
[154] indent=10 block=359dbe27
      "frame it as like, We've been monitoring the strategy in shadow"
[155] indent=10 block=359dbe27
      "mode and we added some additional risk mitigation parameters. "
[156] indent=10 block=359dbe27
      "We want to scale it live so we don't want to go live with the "
[157] indent=10 block=359dbe27
      "full thing just to ensure that we don't have any big lost days"
[158] indent=10 block=359dbe27
      "like what we saw on April, whatever that was. I think that's "
[159] indent=10 block=359dbe27
      "the right framing. What do you think?"
[160] indent=0 block=-
[161] indent=10 block=359dbe27
      "Okay. So that makes it kind of sound like it's temporary. Is "
[162] indent=10 block=359dbe27
      "it temporary? Maybe I haven't been."
[163] indent=0 block=-
[164] indent=10 block=359dbe27
      "It is. So the goal is actually to scale it to the 250. Um..."
[165] indent=0 block=-
[166] indent=10 block=359dbe27
      "Sorry, I know the spec volume, but there's the-Is the like... "
[167] indent=10 block=359dbe27
      "whatever spike Oh. Is that temporary? That like penalization "
[168] indent=10 block=359dbe27
      "of spike risk. I think it is."
[169] indent=0 block=-
[170] indent=10 block=359dbe27
      "And maybe we do need to talk a little bit about that "
[171] indent=10 block=359dbe27
      "specifically. And that's sort of part of the scaling is like "
[172] indent=10 block=359dbe27
      "right now we have this, um, like risk mitigation measure in "
[173] indent=10 block=359dbe27
      "place until we have the next version of our forecast models is"
[174] indent=10 block=359dbe27
      "I think framing. Yeah. Cause like basically the problem is "
[175] indent=10 block=359dbe27
      "that we don't, a, we don't trust or we don't have full "
[176] indent=10 block=359dbe27
      "confidence in our forecast on a day-to-day basis. And then B "
[177] indent=10 block=359dbe27
      "we're overexposed to the MEC."
[178] indent=0 block=-
[179] indent=10 block=359dbe27
      "So I would imagine, and honestly, I don't know that this work "
[180] indent=10 block=359dbe27
      "has kicked off and I should probably, um, Put it in my to-do "
[181] indent=10 block=359dbe27
      "list. That's endless. Um... But we need a forecast model that "
[182] indent=10 block=359dbe27
      "just takes that into consideration. Thank you. Okay."
[183] indent=0 block=-
[184] indent=10 block=359dbe27
      "Cool, yeah. So I'll draft that up and also on like what I need"
[185] indent=10 block=359dbe27
      "to also send them With that is the analysis of April 24th, "
[186] indent=10 block=359dbe27
      "which is already complete. I just need to synthesize it into "
[187] indent=10 block=359dbe27
      "the right message. Okay. Cool. So that's back. Then I put this"
[188] indent=10 block=359dbe27
      "mission control enhancements items so that you could tie "
[189] indent=10 block=359dbe27
      "because you can't do this on an issue level you can only do it"
[190] indent=10 block=359dbe27
      "on a project level um but I was going to tie it to NRG to make"
[191] indent=10 block=359dbe27
      "the innovation services tracking easier, and then we can put "
[192] indent=10 block=359dbe27
      "the other work under this project."
[193] indent=0 block=-
[194] indent=10 block=359dbe27
      "There is an innovation services tag too."
[195] indent=0 block=-
[196] indent=10 block=359dbe27
      "Oh, cool. OK. We can put that on there."
[197] indent=0 block=-
[198] indent=10 block=359dbe27
      "Yeah. I think. The customer? The customer stuff is not, I "
[199] indent=10 block=359dbe27
      "like, maybe I didn't go deeply enough, but I didn't like feel "
[200] indent=10 block=359dbe27
      "like it was that helpful actually. Oh, well. The way I was "
[201] indent=10 block=359dbe27
      "doing it was, based on the team. So like the delivery, it "
[202] indent=10 block=359dbe27
      "would be like if it's done by the delivery NRG team. And it "
[203] indent=10 block=359dbe27
      "has innovation services tag on it."
[204] indent=0 block=-
[205] indent=10 block=359dbe27
      "Yeah, that makes sense. Okay."
[206] indent=0 block=-
[207] indent=10 block=359dbe27
      "But I mean, it can't hurt to add it. I just remember having "
[208] indent=10 block=359dbe27
      "that issue being like, it's sort of not that, it's actually "
[209] indent=10 block=359dbe27
      "not that robust, the customer tracking stuff. Okay."
[210] indent=0 block=-
[211] indent=10 block=359dbe27
      "Cool. Then let's just use your methods and it'll sort of just "
[212] indent=10 block=359dbe27
      "be like a process and process, like learning as we go. I guess"
[213] indent=10 block=359dbe27
      "I should have started this call too by saying like, have I "
[214] indent=10 block=359dbe27
      "shared, I think I've shared this with people, but let me just "
[215] indent=10 block=359dbe27
      "share it again just in case. But the roles and "
[216] indent=10 block=359dbe27
      "responsibilities here are like, Josh is gonna basically, And I"
[217] indent=10 block=359dbe27
      "guess this sort of changed a little bit. Anyways, don't read "
[218] indent=10 block=359dbe27
      "too much into the fine print here. But, Cristobal, like, "
[219] indent=10 block=359dbe27
      "you're going to lead the NRG interface and support the "
[220] indent=10 block=359dbe27
      "delivery function."
[221] indent=0 block=-
[222] indent=10 block=359dbe27
      "It's, like, the customer support function of delivery or, "
[223] indent=10 block=359dbe27
      "like, account management function of delivery that all of us "
[224] indent=10 block=359dbe27
      "sort of, like, wear the hats of without a full customer "
[225] indent=10 block=359dbe27
      "support team. Like, hopefully one day we hire those people. "
[226] indent=10 block=359dbe27
      "But until we do, it's us. Luckily, NRG is the best, so they're"
[227] indent=10 block=359dbe27
      "easy. Like the one you're already doing this for the most "
[228] indent=10 block=359dbe27
      "part, but it's like, I'm just going to obviously stop "
[229] indent=10 block=359dbe27
      "responding to things. And so then you'd be accountable for all"
[230] indent=10 block=359dbe27
      "those responses and then also accountable to run this meeting."
[231] indent=10 block=359dbe27
      "But I'll run it tomorrow. I think it's scheduled for, or I'll "
[232] indent=10 block=359dbe27
      "run the next iteration and then cool."
[233] indent=0 block=-
[234] indent=10 block=359dbe27
      "And then Sam is stepping into cover as the PM lead for energy."
[235] indent=10 block=359dbe27
      "And so for a lot of the work that's already scoped, I'm just "
[236] indent=10 block=359dbe27
      "trying to close it off. Hand it to you, Chris Wall, because "
[237] indent=10 block=359dbe27
      "it's the less interesting side of work. Sorry. Not less "
[238] indent=10 block=359dbe27
      "interesting, but you know, it's not like the product stuff. "
[239] indent=10 block=359dbe27
      "And then for the new projects, which we'll go over in just a "
[240] indent=10 block=359dbe27
      "second, Sam, like there's probably going to be some scoping or"
[241] indent=10 block=359dbe27
      "design work that I don't get to that will get handed off to "
[242] indent=10 block=359dbe27
      "you."
[243] indent=0 block=-
[244] indent=10 block=359dbe27
      "So under this one, this is one that has been coming up "
[245] indent=10 block=359dbe27
      "recently. Like it was part of three different issues over the "
[246] indent=10 block=359dbe27
      "last few weeks and it's moving the energy order Energy "
[247] indent=10 block=359dbe27
      "customer submission cut off to 10. The reason we made it nine "
[248] indent=10 block=359dbe27
      "before was because we didn't want to get confused about what "
[249] indent=10 block=359dbe27
      "they were actually submitting to the market. I don't know if "
[250] indent=10 block=359dbe27
      "that's a concern anymore, Cristobal."
[251] indent=0 block=-
[252] indent=10 block=359dbe27
      "I don't think so. I don't think so. It sounds like this is... "
[253] indent=10 block=359dbe27
      "way worth the benefit of like potential confusion in the "
[254] indent=10 block=359dbe27
      "future. Exactly. Have you confirmed whether, 'cause like I "
[255] indent=10 block=359dbe27
      "know for Gunvor, at least like 9:45 is the hard cut up only "
[256] indent=10 block=359dbe27
      "because it takes 30 TRM like 10 minutes to the grades. Well..."
[257] indent=10 block=359dbe27
      "It's like, man, if we deliberate of 10, they can't submit it."
[258] indent=0 block=-
[259] indent=10 block=359dbe27
      "Well, someone said I made that comment in a meeting where we "
[260] indent=10 block=359dbe27
      "were talking about this. I don't remember what meeting and the"
[261] indent=10 block=359dbe27
      "response from someone, maybe it was Sean or Josh, was... like "
[262] indent=10 block=359dbe27
      "we can allow them to run things up to 10 Um... Or up to "
[263] indent=10 block=359dbe27
      "whatever time like the runtime would take. I don't know. It "
[264] indent=10 block=359dbe27
      "was something like we could air message them like, hey, this "
[265] indent=10 block=359dbe27
      "isn't going to complete on time. Use last run or something."
[266] indent=0 block=-
[267] indent=10 block=359dbe27
      "But you can still run it."
[268] indent=0 block=-
[269] indent=10 block=359dbe27
      "Yeah, no, it's a good point. When I said that out loud, I was "
[270] indent=10 block=359dbe27
      "like, that doesn't really make sense anymore."
[271] indent=0 block=-
[272] indent=10 block=359dbe27
      "What's the value of running at that point?"
[273] indent=0 block=-
[274] indent=10 block=359dbe27
      "And so I think that's sort of like some of the confirmations "
[275] indent=10 block=359dbe27
      "you'll have to do is like do a little shaping session with the"
[276] indent=10 block=359dbe27
      "engineers on exactly like the exact timing and."
[277] indent=0 block=-
[278] indent=10 block=359dbe27
      "If there's any..."
[279] indent=0 block=-
[280] indent=10 block=359dbe27
      "or invoicing repercussions or implications of that. Like I "
[281] indent=10 block=359dbe27
      "don't want, I want to make sure we know what set of orders "
[282] indent=10 block=359dbe27
      "they're submitting and it was just easiest for us to say we're"
[283] indent=10 block=359dbe27
      "taking the latest set as of 9:05 I think is what you guys are "
[284] indent=10 block=359dbe27
      "using so we just need to be alert"
[285] indent=0 block=-
[286] indent=10 block=359dbe27
      "Usually takes a run."
[287] indent=0 block=-
[288] indent=10 block=359dbe27
      "Like three minutes? Yeah, three. A five. Okay."
[289] indent=0 block=-
[290] indent=10 block=359dbe27
      "Um... Cool."
[291] indent=0 block=-
[292] indent=10 block=359dbe27
      "Da-da-da-da-da. Moving. So yeah, just I like the I mean, you "
[293] indent=10 block=359dbe27
      "let's put 945 because it makes sense. And if the engineers "
[294] indent=10 block=359dbe27
      "want to challenge that they they will. Yeah."
[295] indent=0 block=-
[296] indent=10 block=359dbe27
      "Um... They're a funny bunch. Yes. Okay, great."
[297] indent=0 block=-
[298] indent=10 block=359dbe27
      "And the one thing that I wanted Lydia for, but she stuck in "
[299] indent=10 block=359dbe27
      "the last meeting, which was, well, I'm not going to say I'll "
[300] indent=10 block=359dbe27
      "hold my comment till we stop recording. Um, the one thing I'm "
[301] indent=10 block=359dbe27
      "not sure is like, I think this is, um, falls into the "
[302] indent=10 block=359dbe27
      "category. If we go to the prioritization, I always is do that."
[303] indent=10 block=359dbe27
      "If we go to my rough way to prioritize requests, I do think "
[304] indent=10 block=359dbe27
      "this falls into The tier one tier one, which is revenue at "
[305] indent=10 block=359dbe27
      "risk because it's blocked them from being able to run the "
[306] indent=10 block=359dbe27
      "strategy or like rerun and then they just didn't submit or "
[307] indent=10 block=359dbe27
      "something like that."
[308] indent=0 block=-
[309] indent=10 block=359dbe27
      "Or maybe they like used a stale run and like it wasn't ideal, "
[310] indent=10 block=359dbe27
      "whatever. So I think that we should Pause on some of the other"
[311] indent=10 block=359dbe27
      "ones I'm gonna go through and I have this, like my tabs in "
[312] indent=10 block=359dbe27
      "order of priority and it would probably be like a Sean or a "
[313] indent=10 block=359dbe27
      "Josh probably Sean who would work on this and I just needed "
[314] indent=10 block=359dbe27
      "Lydia to help like with the resourcing of things So... I guess"
[315] indent=10 block=359dbe27
      "I'll assign him for now and It will stay in the backlog."
[316] indent=0 block=-
[317] indent=10 block=359dbe27
      "Until then. I also think There's the winning dart and friends "
[318] indent=10 block=359dbe27
      "meeting next Tuesday and that is where Sam, you could raise "
[319] indent=10 block=359dbe27
      "this project and then it would probably be more of a one on "
[320] indent=10 block=359dbe27
      "one with Sean to confirm the details and like do the execution"
[321] indent=10 block=359dbe27
      "piece of the delivery."
[322] indent=0 block=-
[323] indent=10 block=359dbe27
      "I'm confused how... like the NRG stuff and the winning dart "
[324] indent=10 block=359dbe27
      "stuff, like, interact, 'cause I feel like they're like, "
[325] indent=10 block=359dbe27
      "parallel There's interweaving. friends or have like Lydia "
[326] indent=10 block=359dbe27
      "extend it to be winning dart friends and solutions arc I don't"
[327] indent=10 block=359dbe27
      "know yeah I'm only asking because like Lauren had told me or "
[328] indent=10 block=359dbe27
      "I'm trying to like protect my calendar a little more now that "
[329] indent=10 block=359dbe27
      "I'm doing energy and gun board because there's just like a "
[330] indent=10 block=359dbe27
      "shitload of meetings yeah um and Lauren said that the winning "
[331] indent=10 block=359dbe27
      "dart meetings were probably not important but She might not "
[332] indent=10 block=359dbe27
      "have the full context."
[333] indent=0 block=-
[334] indent=10 block=359dbe27
      "I don't know."
[335] indent=0 block=-
[336] indent=10 block=359dbe27
      "That's sort of the right read-aLike, so you could start your "
[337] indent=10 block=359dbe27
      "own check-in on like any solutions arc specific stuff, right? "
[338] indent=10 block=359dbe27
      "Mm-hmm. Yeah, I mean, and honestly, I haven't even gotten "
[339] indent=10 block=359dbe27
      "there yet. So it's a bit new. These are new. These are things "
[340] indent=10 block=359dbe27
      "that like we've been sitting on while we got through the "
[341] indent=10 block=359dbe27
      "really important stuff and now have the time to like make the "
[342] indent=10 block=359dbe27
      "fast follows."
[343] indent=0 block=-
[344] indent=10 block=359dbe27
      "So I see. I see. Yeah."
[345] indent=0 block=-
[346] indent=10 block=359dbe27
      "Hi Lydia."
[347] indent=0 block=-
[348] indent=10 block=359dbe27
      "Sorry, Google undownloaded. Oh no. I had to like download it. "
[349] indent=10 block=359dbe27
      "No worries. Anyways, I'm here."
[350] indent=0 block=-
[351] indent=10 block=359dbe27
      "We've just gone over like, I handed off spec trading to "
[352] indent=10 block=359dbe27
      "Cristobal and then we were talking about this first new "
[353] indent=10 block=359dbe27
      "request, which is moving the submission cutoff or like the "
[354] indent=10 block=359dbe27
      "rerun cutoff. Let me write rerun. Ah."
[355] indent=0 block=-
[356] indent=10 block=359dbe27
      "You can rerun."
[357] indent=0 block=-
[358] indent=10 block=359dbe27
      "cut off from 905 to 945. And I think Sam had a good question "
[359] indent=10 block=359dbe27
      "that like could use your ears, Lydia, which is, how do we want"
[360] indent=10 block=359dbe27
      "to sort of plan for and I got to set up cadences for the work "
[361] indent=10 block=359dbe27
      "that is not really winning dart related. So pretty much "
[362] indent=10 block=359dbe27
      "anything that falls into innovation services and other "
[363] indent=10 block=359dbe27
      "solutions arc isn't really winning dart. And I have about five"
[364] indent=10 block=359dbe27
      "projects pulled up here. And Sam is trying to like manage the "
[365] indent=10 block=359dbe27
      "problem too of balancing his capacity for Gunvern and stepping"
[366] indent=10 block=359dbe27
      "into NRG, but not overloading with things that are not "
[367] indent=10 block=359dbe27
      "relevant to those two things, which a lot of the winning dart "
[368] indent=10 block=359dbe27
      "stuff sort of is."
[369] indent=0 block=-
[370] indent=10 block=359dbe27
      "So one option we called out was like maybe Sam just sets up "
[371] indent=10 block=359dbe27
      "his own series for SolutionsArc and Innovation Services that's"
[372] indent=10 block=359dbe27
      "a smaller group to focus on these projects and check in on "
[373] indent=10 block=359dbe27
      "them."
[374] indent=0 block=-
[375] indent=10 block=359dbe27
      "Yeah, that would be fine, but then it's the same people So "
[376] indent=10 block=359dbe27
      "like the people that would work on stuff like that is like "
[377] indent=10 block=359dbe27
      "Yube, Matt Hoffman, Sean Connor, like that crew. And so they "
[378] indent=10 block=359dbe27
      "can only do so much at a time. So it just is prioritizing "
[379] indent=10 block=359dbe27
      "their time and just sequencing it, I think. Okay. And they're "
[380] indent=10 block=359dbe27
      "on winning guard too. They're more, they were doing spec "
[381] indent=10 block=359dbe27
      "trading and then they were going to go over to, I think, what "
[382] indent=10 block=359dbe27
      "is it, Carolyn, the next one's like snapshot order. Yeah. That"
[383] indent=10 block=359dbe27
      "was the highest priority. Yeah."
[384] indent=0 block=-
[385] indent=10 block=359dbe27
      "And then they could go to whatever, like you could just like "
[386] indent=10 block=359dbe27
      "move them along."
[387] indent=0 block=-
[388] indent=10 block=359dbe27
      "Yeah, so they could stop going to winning dart until their "
[389] indent=10 block=359dbe27
      "support needed from them from the scientists and strategy team"
[390] indent=10 block=359dbe27
      "and just work on like the next project, which now Lydia for "
[391] indent=10 block=359dbe27
      "your, for your next project, For your knowledge, I'm moving "
[392] indent=10 block=359dbe27
      "this to the highest priority to tackle next for Sean's plate "
[393] indent=10 block=359dbe27
      "before he moves on to another Ticket All review in a second."
[394] indent=0 block=-
[395] indent=10 block=359dbe27
      "Yeah, that seems fair. Cool."
[396] indent=0 block=-
[397] indent=10 block=359dbe27
      "So, yeah, Sam, I guess maybe you could also just ask Josh, "
[398] indent=10 block=359dbe27
      "Yube and Sean where they want to coordinate work. Like it's "
[399] indent=10 block=359dbe27
      "possible that you guys can do most of it async and just "
[400] indent=10 block=359dbe27
      "schedule one offs when you need to like have a scoping "
[401] indent=10 block=359dbe27
      "conversation and align on, you know, a linear ticket like "
[402] indent=10 block=359dbe27
      "that's an option. Yeah. maybe just feel it out and decide what"
[403] indent=10 block=359dbe27
      "works best for you. Okay. And also I think Chris, if you "
[404] indent=10 block=359dbe27
      "disagree with any of the prioritization as we go along, please"
[405] indent=10 block=359dbe27
      "let me know because you have the same sort of context I do."
[406] indent=0 block=-
[407] indent=10 block=359dbe27
      "So the next thing that I have is actually this has to happen a"
[408] indent=10 block=359dbe27
      "bit before it's the snapshot order selection decisions. To be "
[409] indent=10 block=359dbe27
      "honest, like I don't This is tech debt that is apparently "
[410] indent=10 block=359dbe27
      "important that I have not spent the time to understand exactly"
[411] indent=10 block=359dbe27
      "what it unlocks or doesn't unlock, but trust Josh and Yue that"
[412] indent=10 block=359dbe27
      "like we need this in order to do the following projects that "
[413] indent=10 block=359dbe27
      "I'm about to show. So I think they're already good to go on "
[414] indent=10 block=359dbe27
      "this."
[415] indent=0 block=-
[416] indent=10 block=359dbe27
      "I think Sam, where you can help is Like time boxing this, "
[417] indent=10 block=359dbe27
      "preventing scope creep, and just ensuring that we're "
[418] indent=10 block=359dbe27
      "prioritizing the things that unlock the following projects "
[419] indent=10 block=359dbe27
      "versus like pure tech deck. You know, tech deck we get to over"
[420] indent=10 block=359dbe27
      "time, but let's prioritize any bottlenecks or blockers first. "
[421] indent=10 block=359dbe27
      "But yeah, Josh is already set up and working on this. And "
[422] indent=10 block=359dbe27
      "yeah, Lydia can also help there. So what's more interesting "
[423] indent=10 block=359dbe27
      "for product is The strategy-run comparisons and visibility, I "
[424] indent=10 block=359dbe27
      "think I'm supposed to call it something else."
[425] indent=0 block=-
[426] indent=10 block=359dbe27
      "Order comparison in viz. Um. So this is the ability to compare"
[427] indent=10 block=359dbe27
      "multiple reruns against each other in the UI. And at first, "
[428] indent=10 block=359dbe27
      "Julia was working-we just reviewed some of the information "
[429] indent=10 block=359dbe27
      "from our discovery session with NRG a few weeks ago. And Julia"
[430] indent=10 block=359dbe27
      "was going to work on some designs. I think she's maybe ready "
[431] indent=10 block=359dbe27
      "to review those with us tomorrow. I think she accepted. Let me"
[432] indent=10 block=359dbe27
      "see. Yeah, she did. Sam, you're out, so I'll record it."
[433] indent=0 block=-
[434] indent=10 block=359dbe27
      "Or actually, I'll just move it to next week so that you can "
[435] indent=10 block=359dbe27
      "start to be in the loop of that. But from there, you would "
[436] indent=10 block=359dbe27
      "just iterate on design and... the delivery process to NRG. Any"
[437] indent=10 block=359dbe27
      "questions on that one? Okay, cool. Hi, Josh. Sorry, we only "
[438] indent=10 block=359dbe27
      "now have seven minutes, but I did record it. And so far we're "
[439] indent=10 block=359dbe27
      "smooth sailing. Thank you. This one, I think I'm handing this "
[440] indent=10 block=359dbe27
      "off to Roman. He and I have a one-on-one on Monday for handoff"
[441] indent=10 block=359dbe27
      "stuff, but..."
[442] indent=0 block=-
[443] indent=10 block=359dbe27
      "I think Sam, the two of you should maybe collaborate on like "
[444] indent=10 block=359dbe27
      "how this project evolves. It's the EQ strategy composite order"
[445] indent=10 block=359dbe27
      "generation. And it's like a, for now an EQ operator facing "
[446] indent=10 block=359dbe27
      "system, but I think this evolves into a Gunver product "
[447] indent=10 block=359dbe27
      "feature. So a system to select mix and run strategy variants "
[448] indent=10 block=359dbe27
      "per hour or day. And that becomes the strategy. And I think "
[449] indent=10 block=359dbe27
      "that John's mural board is, How do I make this go away?"
[450] indent=0 block=-
[451] indent=10 block=359dbe27
      "Does anybody know?"
[452] indent=0 block=-
[453] indent=10 block=359dbe27
      "The only way you must connect."
[454] indent=0 block=-
[455] indent=10 block=359dbe27
      "This was very helpful for actually understanding what the team"
[456] indent=10 block=359dbe27
      "is looking to do, which is Based on the energy setup today, "
[457] indent=10 block=359dbe27
      "but to go through that, there's the optimized strategy, the "
[458] indent=10 block=359dbe27
      "fallback strategy and the baseline strategy. And they want the"
[459] indent=10 block=359dbe27
      "ability to mix and match hours into like what becomes the pick"
[460] indent=10 block=359dbe27
      "and mix strategy. So it's not... it's an ensemble strategy, "
[461] indent=10 block=359dbe27
      "meaning like it is its own variant, not like a combination of "
[462] indent=10 block=359dbe27
      "multiples, sort of like how it should reflect to NRG."
[463] indent=0 block=-
[464] indent=10 block=359dbe27
      "And then the order selector, which is the snapshot stuff is "
[465] indent=10 block=359dbe27
      "how you would prioritize it if something fails, right? So then"
[466] indent=10 block=359dbe27
      "after the operators decide on order generator D, when they run"
[467] indent=10 block=359dbe27
      "the big kahuna, that's like the order generator that big "
[468] indent=10 block=359dbe27
      "kahuna is running on. Gotcha. So it's quite technically "
[469] indent=10 block=359dbe27
      "complex. And like the next step is, um,Yeah, it was pretty "
[470] indent=10 block=359dbe27
      "cool functionality actually."
[471] indent=0 block=-
[472] indent=10 block=359dbe27
      "Super cool."
[473] indent=0 block=-
[474] indent=10 block=359dbe27
      "Sean is going to do the technical design and the product. Like"
[475] indent=10 block=359dbe27
      "the product role here is one ensuring that The strategy team, "
[476] indent=10 block=359dbe27
      "who are sort of the users in the SMEs of this have "
[477] indent=10 block=359dbe27
      "communicated like the experience that they're looking for and "
[478] indent=10 block=359dbe27
      "then the product person translates that into what we want to "
[479] indent=10 block=359dbe27
      "build and then Sean designs the technical design for that "
[480] indent=10 block=359dbe27
      "build. I have the jobs to be done here and I did have cloud "
[481] indent=10 block=359dbe27
      "make issues."
[482] indent=0 block=-
[483] indent=10 block=359dbe27
      "I haven't reviewed them or audited them yet. So I need to do "
[484] indent=10 block=359dbe27
      "that before having Kyle and John review it. And then it would "
[485] indent=10 block=359dbe27
      "be, I do think we need to have some level of TSRB on. this "
[486] indent=10 block=359dbe27
      "type of strategy I don't know, like... whatever, I don't even "
[487] indent=10 block=359dbe27
      "know what to call it, type of strategy. with NRG. And so I "
[488] indent=10 block=359dbe27
      "think Cristobal would play that role there with the strategy "
[489] indent=10 block=359dbe27
      "team. And then Sam, I think like, this can evolve into a core "
[490] indent=10 block=359dbe27
      "feature of our platform."
[491] indent=0 block=-
[492] indent=10 block=359dbe27
      "Yeah. Cool."
[493] indent=0 block=-
[494] indent=10 block=359dbe27
      "Yeah, to that end, Like this one seems quite meaty. It's "
[495] indent=10 block=359dbe27
      "massive. a lot of other stuff to do. Like, is there, has "
[496] indent=10 block=359dbe27
      "anyone done any sizing of like the,Not yet. Values to be "
[497] indent=10 block=359dbe27
      "captured here. I guess it's like a little bit ambiguous 'cause"
[498] indent=10 block=359dbe27
      "we don't really have other strategies to be selected. Right "
[499] indent=10 block=359dbe27
      "now, so it's like kind of building towards that."
[500] indent=0 block=-
[501] indent=10 block=359dbe27
      "Well, I want them to start just with the optimized and "
[502] indent=10 block=359dbe27
      "baseline. Because right now, when we tell NRG, like, this just"
[503] indent=10 block=359dbe27
      "happened last week. Like, hey, tomorrow's looking really "
[504] indent=10 block=359dbe27
      "risky. We just lost $500,000. Like, we don't want to submit a "
[505] indent=10 block=359dbe27
      "strategy tomorrow. They don't actually use the baseline "
[506] indent=10 block=359dbe27
      "orders. Like, they don't care about our baseline orders. They "
[507] indent=10 block=359dbe27
      "then have their desk manage the volume that we manage."
[508] indent=0 block=-
[509] indent=10 block=359dbe27
      "And so instead of having to be like, oh, like, hours 18 to 19 "
[510] indent=10 block=359dbe27
      "look so risky that we don't want to operate at all, we would "
[511] indent=10 block=359dbe27
      "want to just mix the, Optimize strategy with like 18 to 19 "
[512] indent=10 block=359dbe27
      "with baseline. So I think that's the start simple but I do "
[513] indent=10 block=359dbe27
      "agree that this could spin out of control really easily and so"
[514] indent=10 block=359dbe27
      "that's another like thing that you guys should help manage."
[515] indent=0 block=-
[516] indent=10 block=359dbe27
      "This is why I want Roman. running with this one in the near "
[517] indent=10 block=359dbe27
      "term largely because I think he's good at keeping stuff "
[518] indent=10 block=359dbe27
      "efficient enough that it gets done and doesn't run away. And "
[519] indent=10 block=359dbe27
      "then if it does turn into more, like that's for the internal, "
[520] indent=10 block=359dbe27
      "like solve this for our internal operators, strategy "
[521] indent=10 block=359dbe27
      "operators. Yeah. And then if it does turn into more of a "
[522] indent=10 block=359dbe27
      "product feature, then on application, then yeah, Sam, we can "
[523] indent=10 block=359dbe27
      "engage with you."
[524] indent=0 block=-
[525] indent=10 block=359dbe27
      "And if there's stuff that goes to energy, obviously Cristobal,"
[526] indent=10 block=359dbe27
      "but I feel like because of the ambiguity, I want Roman to help"
[527] indent=10 block=359dbe27
      "make sure this doesn't explode."
[528] indent=0 block=-
[529] indent=10 block=359dbe27
      "100%. Yeah, I think it starts with Roman and gets handed off. "
[530] indent=10 block=359dbe27
      "Or like, I do want Sam and Roman to stay in touch on like what"
[531] indent=10 block=359dbe27
      "we're building. And just because Sam will have like,Sam's "
[532] indent=10 block=359dbe27
      "customers or users are our EQ strategist, Kyle, John, Raphael,"
[533] indent=10 block=359dbe27
      "Steve, and the Gunverse strategists. And so I think like "
[534] indent=10 block=359dbe27
      "though they make up the user requirements and sort of like "
[535] indent=10 block=359dbe27
      "personas that we're building this for. But Roman taking the "
[536] indent=10 block=359dbe27
      "first start simple SOBs totally makes sense."
[537] indent=0 block=-
[538] indent=10 block=359dbe27
      "Oh."
[539] indent=0 block=-
[540] indent=10 block=359dbe27
      "I can't tell, am I next? Yeah, you are. Can we... Okay, so "
[541] indent=10 block=359dbe27
      "timing of this. Could we hold off for a few weeks on starting "
[542] indent=10 block=359dbe27
      "to scope it out until spec trading is done and Josh has done "
[543] indent=10 block=359dbe27
      "the snapshot order stuff?"
[544] indent=0 block=-
[545] indent=10 block=359dbe27
      "The snapshot orders can be in parallel if Sean is driving "
[546] indent=10 block=359dbe27
      "that, but I agree that holding off, I think the next sprint "
[547] indent=10 block=359dbe27
      "should be Roman confirming scope and tickets for, and Sean "
[548] indent=10 block=359dbe27
      "maybe starting to think about the technical design, but "
[549] indent=10 block=359dbe27
      "then... There should be a project kickoff for this in about a "
[550] indent=10 block=359dbe27
      "sprint or so."
[551] indent=0 block=-
[552] indent=10 block=359dbe27
      "Can I poke at that a little bit? Because didn't you want Sean "
[553] indent=10 block=359dbe27
      "to do the timing thing?"
[554] indent=0 block=-
[555] indent=10 block=359dbe27
      "Yes, but I feel like that's easy. Like I think that's like..."
[556] indent=0 block=-
[557] indent=10 block=359dbe27
      "Three or four doesn't work. Yeah. That's fair, but I think "
[558] indent=10 block=359dbe27
      "what I'm trying to do is we're As we looked at yesterday, we "
[559] indent=10 block=359dbe27
      "have too many things going on. Like, could we say just not yet"
[560] indent=10 block=359dbe27
      "for two weeks? Or will that really hurt us for two weeks?"
[561] indent=0 block=-
[562] indent=10 block=359dbe27
      "I don't think it really hurts us. Let's just set the "
[563] indent=10 block=359dbe27
      "expectations with the strategy team and make sure I'm not "
[564] indent=10 block=359dbe27
      "missing anything. I can send that note. Ah. What's... Or do "
[565] indent=10 block=359dbe27
      "you mean who's going to do the other order visit the this?"
[566] indent=0 block=-
[567] indent=10 block=359dbe27
      "Yeah, sorry. Who's not what?"
[568] indent=0 block=-
[569] indent=10 block=359dbe27
      "I think that's mostly Matt."
[570] indent=0 block=-
[571] indent=10 block=359dbe27
      "Okay, so they're not. Yeah."
[572] indent=0 block=-
[573] indent=10 block=359dbe27
      "Okay. I think this is Matt, but it's a good question. We're "
[574] indent=10 block=359dbe27
      "like, yes, the tabs are in order of how I think the work "
[575] indent=10 block=359dbe27
      "should be sequenced and therefore it would be on. Lydia to "
[576] indent=10 block=359dbe27
      "help us like determine who and when and so if Until everything"
[577] indent=10 block=359dbe27
      "before this tab is done, it's okay to hold off on doing this "
[578] indent=10 block=359dbe27
      "one. But I will confirm that with the strategy team today. "
[579] indent=10 block=359dbe27
      "Um... Where did that TSRB thing just go? Did anyone notice I "
[580] indent=10 block=359dbe27
      "created it and then it disappeared?"
[581] indent=0 block=-
[582] indent=10 block=359dbe27
      "You might've made it an update."
[583] indent=0 block=-
[584] indent=10 block=359dbe27
      "Oh, did I? Shit."
[585] indent=0 block=-
[586] indent=10 block=359dbe27
      "Yeah, you're right, I did. Sorry, I'm not good at this yet. "
[587] indent=10 block=359dbe27
      "I'm trying to get good at it, but it's taking me some time. "
[588] indent=10 block=359dbe27
      "The learning curve is curving."
[589] indent=0 block=-
[590] indent=10 block=359dbe27
      "I have to leave a meeting that I joined rudely late."
[591] indent=0 block=-
[592] indent=10 block=359dbe27
      "No worries, we're continuing to record and I have to hop "
[593] indent=10 block=359dbe27
      "shortly here too."
[594] indent=0 block=-
[595] indent=10 block=359dbe27
      "You said you're going to talk to Roman, Carolyn?"
[596] indent=0 block=-
[597] indent=10 block=359dbe27
      "Yeah, I am. All right."
[598] indent=0 block=-
[599] indent=10 block=359dbe27
      "Thanks all."
[600] indent=0 block=-
[601] indent=10 block=359dbe27
      "And honestly, that was pretty much everything. Like that was "
[602] indent=10 block=359dbe27
      "the prioritization and handoff I guess two so two for one um "
[603] indent=10 block=359dbe27
      "And yeah, I guess we can wrap up unless there's additional "
[604] indent=10 block=359dbe27
      "questions or comments. I'll figure out where that TSRB thing "
[605] indent=10 block=359dbe27
      "went. I think that that doesn't necessarily need to be a "
[606] indent=10 block=359dbe27
      "blocker for anything or like you could start figuring out what"
[607] indent=10 block=359dbe27
      "a TSRB like that even looks like earlier than later, "
[608] indent=10 block=359dbe27
      "Cristobal, with the strategy team."
[609] indent=0 block=-
[610] indent=10 block=359dbe27
      "Because it is a new type of approval that we're seeking. I'll "
[611] indent=10 block=359dbe27
      "find that ticket and assign it to you or whatever I did. Cool."
[612] indent=10 block=359dbe27
      "Thank you guys. Talk to you later. Bye. See you."
[613] indent=0 block=-
[614] indent=2 block=357dbe27 H2
      "## " {b fg=#337ea9}
      "2026-05-05 " {b fg=#337ea9}
[615] indent=6 block=357dbe27
      "◦ "
      "Gemini Notes - "
[616] indent=6 block=357dbe27
      "  "
      "https://docs.google.com/document/d/1Sy8ieZoz4CetNBlR0AzjuhUxcLjy" {href=https://docs.google.com/document/d/1Sy8ieZoz4CetNBlR0AzjuhUxcLjyODv32_Txj0g_K_Q/edit?tab=t.4xh8ua7ah5ys}
[617] indent=6 block=357dbe27
      "  "
      "ODv32_Txj0g_K_Q/edit?tab=t.4xh8ua7ah5ys" {href=https://docs.google.com/document/d/1Sy8ieZoz4CetNBlR0AzjuhUxcLjyODv32_Txj0g_K_Q/edit?tab=t.4xh8ua7ah5ys}
[618] indent=6 block=357dbe27
      "◦ "
      "Recording - "
[619] indent=6 block=357dbe27
      "  "
      "https://drive.google.com/file/d/1xQm5CrAUxhw-m414DuBW8UhOPa3QveY" {href=https://drive.google.com/file/d/1xQm5CrAUxhw-m414DuBW8UhOPa3QveYD/view}
[620] indent=6 block=357dbe27
      "  "
      "D/view" {href=https://drive.google.com/file/d/1xQm5CrAUxhw-m414DuBW8UhOPa3QveYD/view}
[621] indent=6 block=357dbe27
      "◦ "
      "Winning DART Linear Projects" {href=https://www.google.com/url?q=https%3A%2F%2Flinear.app%2Fequilibrium-energy%2Fview%2Fwinning-dart-projects-34eade228d76&sa=D&ust=1778430037932518&usg=AOvVaw17tUkuWUS_8w04p2nkMB0f}
[622] indent=6 block=357dbe27
      "◦ "
      "& Friends Linear Projects" {href=https://www.google.com/url?q=https%3A%2F%2Flinear.app%2Fequilibrium-energy%2Fteam%2FDEL%2Fprojects%2Fview%2Fprojects-minus-winning-dart-a92af61791e3&sa=D&ust=1778430037932518&usg=AOvVaw19-ErABlwwyxCxqUjARd1a}
[623] indent=0 block=-
[624] indent=2 block=353dbe27 H2
      "## " {b fg=#337ea9}
      "2026-04-28 " {b fg=#337ea9}
[625] indent=6 block=353dbe27
      "◦ "
      "Deck" {href=https://docs.google.com/presentation/d/1mhLp44Lv8GI-pzDLmDpEXb_2_EbNGeSYWD2TOu2mS7M/edit?slide=id.g3e61a213d06_0_0#slide=id.g3e61a213d06_0_0}
[626] indent=6 block=353dbe27
      "◦ "
      "Winning DART Linear Projects" {href=https://linear.app/equilibrium-energy/view/winning-dart-projects-34eade228d76}
[627] indent=6 block=353dbe27
      "◦ "
      "& Friends Linear Projects" {href=https://linear.app/equilibrium-energy/team/DEL/projects/view/projects-minus-winning-dart-a92af61791e3}
[628] indent=6 block=353dbe27
      "◦ "
      "Winning DART Linear Issues" {href=https://linear.app/equilibrium-energy/view/winning-dart-issues-0e667d703222}
[629] indent=6 block=353dbe27
      "◦ "
      "Gemini Notes" {href=https://docs.google.com/document/d/1V5q_djDWO5d0EDEuiW97S5buq7GoGHq6e4Jbr2l0QWY/edit?tab=t.6sp6peufzpal}
[630] indent=6 block=353dbe27
      "◦ "
      "Gemini Recording" {href=https://drive.google.com/file/d/1WgrNOyeaTDPej7GnH39d7MAtGPfk2HEW/view?usp=sharing}
[631] indent=0 block=-
[632] indent=4 block=353dbe27
