Document 343dbe2759928021acdbdfa6bc8d73c3
  title: Agent Platform Standups + Sprint Prep
---
toggle  "2026-04-24"  [mention:date]
  unsupported  [raw]
    paragraph
      heading_3  "Action Items"  [h3]
      to_do  "Josh to set up regular evals running twice a week against de…"  [unchecked]
      to_do  "Josh to work on measuring quality of hallucination metric us…"  [unchecked]
      to_do  "Team to wait for Joel's RFC implementation for DataFrame sna…"  [unchecked]
      to_do  "Josh to continue work on expanding chat protocol to support …"  [unchecked]
      to_do  "Adam to slack Greg's requirements and tenants to Jenna"  [unchecked]
      to_do  "Team to check with Ryan about how they are using LangSmith b…"  [unchecked]
      to_do  "Cian to put together a document defining what's needed to su…"  [unchecked]
      to_do  "Adam to write a doc about agent ownership and bring it to Jo…"  [unchecked]
      to_do  "Team to work on increasing chat usage through MCP server and…"  [unchecked]
      heading_3  "Josh's Updates"  [h3]
      bulleted_list_item  "Initial OPEC setup is nearly complete with a couple of PRs s…"
      bulleted_list_item  "Hallucination metric is currently showing around 45%, which …"
      bulleted_list_item  "Next steps include setting up regular measurements (twice we…"
      bulleted_list_item  "Plans to work on validating the hallucination score quality …"
      bulleted_list_item  "Process will involve implementing metrics, validating their …"
      bulleted_list_item  "Work on DataFrame snapshots and analytical agents is current…"
      bulleted_list_item  "Started work on expanding the chat protocol between front-en…"
      heading_3  "DataFrame Snapshots Discussion"  [h3]
      bulleted_list_item  "Joel is proposing that each snapshot creates a Databricks ta…"
      bulleted_list_item  "Not every EQ Warehouse call will be saved - users will need …"
      bulleted_list_item  "Users won't see table names or direct links to Databricks"
      bulleted_list_item  "Citations will be clickable in chat to show data in a floati…"
      bulleted_list_item  "The data frame appears as a floating table in the UI, not in…"
      heading_3  "Jenna's Updates"  [h3]
      bulleted_list_item  "Working on roadmap documentation and aligning different requ…"
      bulleted_list_item  "Reviewing Q3 MVP deliverables and agent platform requirement…"
      bulleted_list_item  "Seeking alignment between Adam's doc requirements and Q3 del…"
      heading_3  "Cycle 9 Priorities"  [h3]
      paragraph  "Operationalize OPEC:"
      bulleted_list_item  "Load datasets from git (eq_evals/datasets)"
      bulleted_list_item  "Run evals on each deploy/day"
      bulleted_list_item  "Track objective measures (number of traces, duration of trac…"
      bulleted_list_item  "Log tool calls and EQRN references"
      bulleted_list_item  "Understand the process for rolling out new qualitative metri…"
      bulleted_list_item  "Get OPEC set up in production - prove it out first, test it,…"
      bulleted_list_item  "NOT in scope: Deprecating Brain Trust (only once OPEC is in …"
      paragraph  "MCP Server Prototype:"
      bulleted_list_item  "Enable interaction with context layer through Cursor and Cla…"
      bulleted_list_item  "Support one-off uploading of context to context layer"
      bulleted_list_item  "Prioritize loading context docs"
      bulleted_list_item  "Scan for docs that should be loaded into context"
      bulleted_list_item  "Publish user guide"
      bulleted_list_item  "NOT in scope: MCP/Claude insertion into the context layer"
      heading_3  "Tool and Platform Decisions"  [h3]
      paragraph  "OPEC Deployment:"
      bulleted_list_item  "OPEC only needs to be deployed to sandbox and dev environmen…"
      bulleted_list_item  "Plan to deprecate Brain Trust once OPEC is in every environm…"
      bulleted_list_item  "LangSmith can serve as backup for beta"
      bulleted_list_item  "Deployment to additional environments likely in cycle 10 or …"
      bulleted_list_item  "Team has 10-15 customer environments total"
      paragraph  "Feedback Collection:"
      bulleted_list_item  "Portal chat currently has thumbs up/down feedback that was g…"
      bulleted_list_item  "Feedback includes a modal for free-form text input"
      bulleted_list_item  "Currently minimal usage - mainly testing data"
      paragraph  "LangSmith Usage:"
      bulleted_list_item  "Ryan occasionally uses it for demos (recently provided Brain…"
      bulleted_list_item  "Need to check with Ryan about actual usage before deprecatin…"
      heading_3  "Strategic Discussions"  [h3]
      paragraph  "Requirements Alignment:"
      bulleted_list_item  "Greg Bellingham has outlined requirements and tenants for ag…"
      bulleted_list_item  "Capabilities should be accessible to external users includin…"
      bulleted_list_item  "Requirements are based on general building tenants rather th…"
      bulleted_list_item  "Greg shared requirements via Josh in Slack message from Apri…"
      bulleted_list_item  "Team has a four-hour session scheduled with Greg on Monday"
      paragraph  "Agent Ownership:"
      bulleted_list_item  "Discussion about ownership after unifying Helm's agent with …"
      bulleted_list_item  "Adam proposing that the agent platform team continues owning…"
      bulleted_list_item  "Tension between being a platform provider versus owning spec…"
      bulleted_list_item  "Question about how to handle internal agent building (Erica,…"
      bulleted_list_item  "Lower bar for internal agents that won't go to production fo…"
      bulleted_list_item  "Danny has expressed interest in helping with the market data…"
      paragraph  "Chat Usage Goals:"
      bulleted_list_item  "Increasing chat usage is a North Star for validating/invalid…"
      bulleted_list_item  "Goals include increasing surface area of access through MCP …"
      paragraph  "MVP Planning:"
      bulleted_list_item  "Need to define what's required to support chat in MVP"
      bulleted_list_item  "Should measure quality before beta and establish metrics to …"
      bulleted_list_item  "Need to establish on-call plan and incident response for cha…"
      bulleted_list_item  "No SLA required by MVP, but needed by GA"
    paragraph
      bulleted_list_item  "What did we learn from yesterday’s discovery calls?"
      bulleted_list_item  "experimenting with opik dashboards"
      bulleted_list_item  "monday greg meeting"
      bulleted_list_item  "cycle 9 priorities (tickets to make)"
        bulleted_list_item  "operationalize opik"
          bulleted_list_item  "load datasets from git (eq_evals/datasets)"
          bulleted_list_item  "run evals on each deploy/day"
          bulleted_list_item  "track objective measures (# of traces, duration of trace, TT…"
          bulleted_list_item  "log tool calls and EQRN references"
            bulleted_list_item
          bulleted_list_item  "understand what the process for rolling out a new (qualitati…"
            bulleted_list_item  "F1 score"
            bulleted_list_item  "starts with hallucination metric (today is at 45%)"
          bulleted_list_item  "getting it set up in prod - prove it out first, test it, ext…"
          bulleted_list_item
          bulleted_list_item  "not in scope"
            bulleted_list_item  "deprecating braintrust - only can once we have opik in every…"
            bulleted_list_item  "deprecating langsmith"
              bulleted_list_item  "need to cehck with ryan about how he is using it"
        bulleted_list_item  "MCP server prototype - interact with context layer, upload m…"
          bulleted_list_item  "available in cursor and claude"
          bulleted_list_item  "able to one-off upload context to context layer"
            bulleted_list_item  "prioritize the context docs listed in Forecast Context Engin…"  [mention:page=342dbe275992805dbdeddaec498fe7f0]
          bulleted_list_item  "scan for docs that should be loaded into context"
          bulleted_list_item  "publish user guide"
          bulleted_list_item  "not in scope"
            bulleted_list_item  "mcp / claude insertion into the context layer"
    paragraph
      paragraph  "Next week, we can use this as like a cycle eight review. of …"
      paragraph  "I can go, I guess. Yeah. I think I'm pretty much done with t…"
      paragraph  "So they could be right, I guess. Um... Yeah. So I think what…"
      paragraph  "So do that and then probably start working on I guess trying…"
      paragraph  "So that's kind of what's in my head at the moment for evals.…"
      paragraph  "So. So yeah, I started working on that. Thank you. You know,…"
      paragraph  "So what's the user experience like when user asks like a que…"
      paragraph  "The idea is that we'll be able, like not every EQ Warehouse …"
      paragraph  "You know, like the way Danny has it in, you know, I I still …"
      paragraph  "Yeah."
      paragraph  "Okay. So what format is the data frame? Like user gets a CSV…"
      paragraph  "Window. Not the window. Like it opens a kind of a floating t…"
      paragraph  "Okay, so user gets like to..."
      paragraph  "Hmm."
      paragraph  "After that, could you just restate what the blocker there is…"
      paragraph  "I have a question going back to Opec and the evaluations too…"
      paragraph  "I see. Wait, we have 10 or 15 environments? For all the cust…"
      paragraph  "Is that... Could you educate me a little bit? Is that abnorm…"
      paragraph  "Okay. Thank you. Mm-hmm."
      paragraph  "Fascinating. Thank you. Seems hard to operate in. Other ques…"
      paragraph  "Easy. you Yeah. Yeah. I know what an F1 score is. I just wan…"
      paragraph  "I see."
      paragraph  "Yeah, sounds like you. Cortina ratio of metrics of balancing…"
      paragraph  "So would this be like a gating factor that we use for any qu…"
      paragraph  "Mm-hmm."
      paragraph  "Yeah, okay. So how do we know when this model or this prompt…"
      paragraph  "How do we have qualitative metrics? Well, it's based on what…"
      paragraph  "I'd love to be a part of that too whenever I'm back after ne…"
      paragraph  "Bless you. Yeah."
      paragraph  "Yeah, cool. No, we don't know. Like, the goal doesn't need t…"
      paragraph  "Cool. This is cool. I like to take myself through a pass of …"
      paragraph  "Cool. Thanks. Jenna."
      paragraph  "Thanks for being patient and providing input on the roadmap …"
      paragraph  "Annette. MBP is Q3. Pretty sure that's what it is. I think s…"
      paragraph  "And he like kind of laid out, like, these are the platform s…"
      paragraph  "Yeah. how to align those things. Yeah, I can go ahead and an…"
      paragraph  "So it comes from a couple of different angles. It comes some…"
      paragraph  "And so any capabilities that we have should be, accessible a…"
      paragraph  "Uh,It."
      paragraph  "Did he put those down anywhere or is it just..."
      paragraph  "He put them down in either a dock that... I lost or lost acc…"
      paragraph  "Okay, so there's no way I can get access to that."
      paragraph  "No, there is. I'll just Slack it to you and then we'll have …"
      paragraph  "Okay."
      paragraph  "These also I think would be good. I just got off the phone w…"
      paragraph  "Wait, let me check it."
      paragraph  "I think both are interesting and useful. I don't know if tha…"
      paragraph  "Um, Just random thought, I guess. I wonder if there's a... L…"
      paragraph  "What kind of feedback?"
      paragraph  "I don't know. We'll have to get back to you, Juan."
      paragraph  "I don't think I knew that I wanted feedback. So just now. Th…"
      paragraph  "I'm sure we could do like a slash."
      paragraph  "context layer thumbs up or something or Oh, there's general …"
      paragraph  "But I think that's familiar."
      paragraph  "We have that in the portal chat, right? The thumbs up and do…"
      paragraph  "I haveKearney's going to Brain Trust. I have my PRs, that's …"
      paragraph  "Oh, okay, okay, cool. And then that's like, Thumbs up and do…"
      paragraph  "It pops a modal dialogue instead. Let's type in whatever we …"
      paragraph  "Okay. I haven't used it yet. Okay."
      paragraph  "Nobody does. The feedback that we've collected is me testing…"
      paragraph  "Testing, testing. Um That brings up another good question. W…"
      paragraph  "I just feel like, um... Yes, the path to deprecating brain t…"
      paragraph  "Excellent. Basically, I'm just saying that it might be nice …"
      paragraph  "I'll let you guys make that call, but it seems like Lang Smi…"
      paragraph  "Yeah, and I gave... him a brain trust trace Because he was d…"
      paragraph  "Yeah, I will. And, um, Try to get him on Opik. Make some fan…"
      paragraph  "you Okay Yeah, so I guess just on the brain trust deprecatio…"
      paragraph  "Um, Do you think it'd be within cycle nine to... How long do…"
      paragraph  "Um. It's like just, you know, when you feel it, that's that'…"
      paragraph  "I mean, I really don't want to operate that way, but I don't…"
      paragraph  "Yeah, I feel like that's a good North Star for us too in thi…"
      paragraph  "Anything else that we think of to increase chat usage? Let's…"
      paragraph  "In a bit of a roundabout way, I think we covered everything …"
      paragraph  "I'm going to... try and put together like a a starting docum…"
      paragraph  "I guess, okay, so like, for that, like, I was looking at the…"
      paragraph  "Well, that's basically Kevin paraphrasing what I've said to …"
      paragraph  "Okay, so you're saying you just want to write it out in more…"
      paragraph  "Yeah, and I think there's a certain amount of... Um, We don'…"
      paragraph  "Yeah, that sort of thing. And like... Again, because I think…"
      paragraph  "I see. OK. Okay. 'Cause I know we were gonna like do that an…"
      paragraph  "um There's some stuff like that's just a little bit more lik…"
      paragraph  "I guess it says there's no SLA. by MVP, but by GA. Okay. But…"
      paragraph  "Like I said, just gonna make it like a starting point that w…"
      paragraph  "That'd be great. Thanks, Kian."
      paragraph  "Once we unify the chat agents, like you know how Ham has the…"
      paragraph  "Or for this specific agent, we continue owning it?"
      paragraph  "What do you think?"
      paragraph  "I don't know if that's to both of us or one of us or the oth…"
      paragraph  "Yeah."
      paragraph  "Get excited for that one. I'm going to propose though that w…"
      paragraph  "We don't really talk to the customer. It just always has fel…"
      paragraph  "We like rescind those features and instead they show up in t…"
      paragraph  "feels just counterproductive and feels like setting ourselve…"
      paragraph  "Yeah, we should be like having helping them. build it the ri…"
      paragraph  "Yeah, I feel like the bar is lower if those agents weren't g…"
      paragraph  "I guess I'm totally okay owning the market data agent or con…"
      paragraph  "So, yeah, I think so. And it might change over time. I think…"
      paragraph  "Another dog."
      paragraph  "That's a masterful, like, I don't have an answer, so go away…"
      paragraph  "-And then this talk would be a bunch of words to say."
      paragraph  "I'm also not really sure. I don't know."
      paragraph  "Look at these other dogs. Yeah. Yeah. Roadmap v6 underscore …"
